Component: ARM Compiler 5.06 update 2 (build 183) Tool: armlink [4d35b7]

==============================================================================

Section Cross References

    system_stm32l1xx.o(.text) refers to system_stm32l1xx.o(.data) for PLLMulTable
    startup_stm32l1xx_md.o(STACK) refers (Special) to heapauxi.o(.text) for __use_two_region_memory
    startup_stm32l1xx_md.o(HEAP) refers (Special) to heapauxi.o(.text) for __use_two_region_memory
    startup_stm32l1xx_md.o(RESET) refers (Special) to heapauxi.o(.text) for __use_two_region_memory
    startup_stm32l1xx_md.o(RESET) refers to startup_stm32l1xx_md.o(STACK) for __initial_sp
    startup_stm32l1xx_md.o(RESET) refers to startup_stm32l1xx_md.o(.text) for Reset_Handler
    startup_stm32l1xx_md.o(RESET) refers to systick.o(.text) for SysTick_Handler
    startup_stm32l1xx_md.o(RESET) refers to extix.o(.text) for EXTI0_IRQHandler
    startup_stm32l1xx_md.o(RESET) refers to timx.o(.text) for TIM2_IRQHandler
    startup_stm32l1xx_md.o(RESET) refers to usart.o(.text) for USART1_IRQHandler
    startup_stm32l1xx_md.o(RESET) refers to si4432.o(.text) for EXTI15_10_IRQHandler
    startup_stm32l1xx_md.o(.text) refers (Special) to heapauxi.o(.text) for __use_two_region_memory
    startup_stm32l1xx_md.o(.text) refers to system_stm32l1xx.o(.text) for SystemInit
    startup_stm32l1xx_md.o(.text) refers to __main.o(!!!main) for __main
    startup_stm32l1xx_md.o(.text) refers to startup_stm32l1xx_md.o(HEAP) for Heap_Mem
    startup_stm32l1xx_md.o(.text) refers to startup_stm32l1xx_md.o(STACK) for Stack_Mem
    i2c.o(.text) refers to gpio.o(.text) for GPIOx_Cfg
    instruct.o(.text) refers to gpio.o(.text) for GPIOx_Set
    instruct.o(.text) refers to thread.o(.text) for Thread_Login
    program.o(.text) refers to flash.o(.text) for Flash_Unlock
    program.o(.text) refers to program.o(.constdata) for .constdata
    si4432.o(.text) refers to gpio.o(.text) for GPIOx_Rst
    si4432.o(.text) refers to spi.o(.text) for SPI2_ReadWriteByte
    si4432.o(.text) refers to delay.o(.text) for delay_ms
    si4432.o(.text) refers to faultmanage.o(.text) for Fault_Upload
    si4432.o(.text) refers to systick.o(.text) for Time_Get
    si4432.o(.text) refers to si4432.o(.data) for TestRecFlag
    si4432.o(.text) refers to si4432.o(.bss) for TestRecRSSI
    si4432.o(.text) refers to si4432.o(.constdata) for Si4432Cfg_Tab
    si4432.o(.text) refers to updata.o(.text) for Channel_Get
    si4432.o(.text) refers to thread.o(.text) for Thread_Login
    si4432.o(.text) refers to sys.o(.text) for Ex_NVIC_Config
    si4432.o(.text) refers to dataencrypt.o(.text) for DecryptData
    si4432.o(.text) refers to sign433attr.o(.text) for Get_Sign433_MasterAddr
    si4432.o(.text) refers to command.o(.text) for head_put
    si4432.o(.text) refers to fifo.o(.text) for fifo_putc
    si4432.o(.text) refers to cmdprocess.o(.bss) for rcv433_shortfifo
    spi.o(.text) refers to gpio.o(.text) for GPIOx_Cfg
    sys.o(.text) refers to sys.o(.emb_text) for WFI_SET
    syshard.o(.text) refers to devparttab.o(.text) for DevPivotalSetInit
    syshard.o(.text) refers to systick.o(.text) for SysTick_Init
    syshard.o(.text) refers to program.o(.text) for FlashEncryptionInit
    syshard.o(.text) refers to i2c.o(.text) for I2C_Init
    syshard.o(.text) refers to si4432.o(.text) for Si4432_Init
    syshard.o(.text) refers to userdata.o(.bss) for gSysData
    systick.o(.text) refers to system_stm32l1xx.o(.text) for Get_SysClk_FrqAndSrc
    systick.o(.text) refers to thread.o(.text) for Thread_RunCheck
    systick.o(.text) refers to systick.o(.data) for timer
    test.o(.text) refers to gpio.o(.text) for GPIOx_Cfg
    test.o(.text) refers to test.o(.data) for Test
    usart.o(.text) refers to gpio.o(.text) for GPIOx_Cfg
    usart.o(.text) refers to sys.o(.text) for MY_NVIC_Init
    usart.o(.text) refers to fifo.o(.text) for fifo_putc
    usart.o(.text) refers to cmdprocess.o(.bss) for rcv433fifo
    adc.o(.text) refers to gpio.o(.text) for GPIOx_Cfg
    adc.o(.text) refers to delay.o(.text) for delay_us
    battery.o(.text) refers to adc.o(.text) for ADC_TestPowerON
    battery.o(.text) refers to battery.o(.constdata) for VoltageTab
    battery.o(.text) refers to battery.o(.data) for gPowerPercent
    batteryexeattr.o(.text) refers to rt_memclr_w.o(.text) for __aeabi_memclr4
    batteryexeattr.o(.text) refers to gpio.o(.text) for GPIOx_Get
    batteryexeattr.o(.text) refers to oled.o(.text) for OLED_ShowPicAt
    batteryexeattr.o(.text) refers to adc.o(.text) for ADC_Init
    batteryexeattr.o(.text) refers to battery.o(.text) for Battery_GetPercent
    batteryexeattr.o(.text) refers to lowpower.o(.data) for gSleepFlag
    batteryexeattr.o(.text) refers to touchpadpic.o(.constdata) for PicTab_Bat
    batteryexeattr.o(.text) refers to battery.o(.data) for gPowerLv
    batteryexeattr.o(.text) refers to key.o(.data) for gPswFlag
    lowpower.o(.text) refers to gpio.o(.text) for GPIOx_Cfg
[...]
    .bss                                     0x20000334   Section       20  unitcfg.o(.bss)
    .bss                                     0x20000348   Section       98  key.o(.bss)
    gQueue                                   0x20000374   Data          54  key.o(.bss)
    .bss                                     0x200003aa   Section        9  airconditionpad.o(.bss)
    .bss                                     0x200003b4   Section     3456  cmdprocess.o(.bss)
    sendBuf                                  0x200007d4   Data        1024  cmdprocess.o(.bss)
    sendshortBuf                             0x20000e94   Data         128  cmdprocess.o(.bss)
    .bss                                     0x20001134   Section      144  linkscanfifo.o(.bss)
    .bss                                     0x200011c4   Section      324  thread.o(.bss)
    thread                                   0x200011c4   Data         324  thread.o(.bss)
    .bss                                     0x20001308   Section       44  updata.o(.bss)
    .bss                                     0x20001334   Section      288  upload.o(.bss)
    UploadUnit                               0x20001334   Data         288  upload.o(.bss)
    .bss                                     0x20001454   Section      575  userdata.o(.bss)
    sceneManage                              0x20001473   Data         544  userdata.o(.bss)
    .bss                                     0x20001694   Section      320  object.o(.bss)
    RData                                    0x20001694   Data         320  object.o(.bss)
    .bss                                     0x200017d4   Section      140  userdatadownload.o(.bss)
    .bss                                     0x20001860   Section       12  sign433.o(.bss)
    .bss                                     0x2000186c   Section     1651  linksimplest.o(.bss)
    .bss                                     0x20001edf   Section      351  linksimplesttime.o(.bss)
    .bss                                     0x20002040   Section       96  libspace.o(.bss)
    HEAP                                     0x200020a0   Section        0  startup_stm32l1xx_md.o(HEAP)
    STACK                                    0x200020a0   Section     3072  startup_stm32l1xx_md.o(STACK)
    Heap_Mem                                 0x200020a0   Data           0  startup_stm32l1xx_md.o(HEAP)
    Stack_Mem                                0x200020a0   Data        3072  startup_stm32l1xx_md.o(STACK)
    __initial_sp                             0x20002ca0   Data           0  startup_stm32l1xx_md.o(STACK)

    Global Symbols

    Symbol Name                              Value     Ov Type        Size  Object(Section)

    BuildAttributes$$THM_ISAv4$P$D$K$B$S$PE$A:L22UL41UL21$X:L11$S22US41US21$IEEE1$IW$USESV6$~STKCKD$USESV7$~SHL$OSPACE$ROPI$EBA8$UX$STANDARDLIB$REQ8$PRES8$EABIv2 0x00000000   Number         0  anon$$obj.o ABSOLUTE
    __ARM_use_no_argv                        0x00000000   Number         0  main.o ABSOLUTE
    __ARM_exceptions_init                     - Undefined Weak Reference
    __alloca_initialize                       - Undefined Weak Reference
    __arm_preinit_                            - Undefined Weak Reference
    __cpp_initialize__aeabi_                  - Undefined Weak Reference
    __cxa_finalize                            - Undefined Weak Reference
    __rt_locale                               - Undefined Weak Reference
    __sigvec_lookup                           - Undefined Weak Reference
    _atexit_init                              - Undefined Weak Reference
    _call_atexit_fns                          - Undefined Weak Reference
    _clock_init                               - Undefined Weak Reference
    _fp_trap_init                             - Undefined Weak Reference
    _fp_trap_shutdown                         - Undefined Weak Reference
    _get_lc_collate                           - Undefined Weak Reference
    _get_lc_ctype                             - Undefined Weak Reference
    _get_lc_monetary                          - Undefined Weak Reference
    _get_lc_numeric                           - Undefined Weak Reference
    _get_lc_time                              - Undefined Weak Reference
    _getenv_init                              - Undefined Weak Reference
    _handle_redirection                       - Undefined Weak Reference
    _init_alloc                               - Undefined Weak Reference
    _init_user_alloc                          - Undefined Weak Reference
    _initio                                   - Undefined Weak Reference
    _rand_init                                - Undefined Weak Reference
    _signal_finish                            - Undefined Weak Reference
    _signal_init                              - Undefined Weak Reference
    _terminate_alloc                          - Undefined Weak Reference
    _terminate_user_alloc                     - Undefined Weak Reference
    _terminateio                              - Undefined Weak Reference
    __Vectors_Size                           0x000000f4   Number         0  startup_stm32l1xx_md.o ABSOLUTE
    __Vectors                                0x08006400   Data           4  startup_stm32l1xx_md.o(RESET)
    __Vectors_End                            0x080064f4   Data           0  startup_stm32l1xx_md.o(RESET)
    __main                                   0x080064f5   Thumb Code     8  __main.o(!!!main)
    __scatterload                            0x080064fd   Thumb Code     0  __scatter.o(!!!scatter)
    __scatterload_rt2                        0x080064fd   Thumb Code    44  __scatter.o(!!!scatter)
    __scatterload_rt2_thumb_only             0x080064fd   Thumb Code     0  __scatter.o(!!!scatter)
    __scatterload_null                       0x0800650b   Thumb Code     0  __scatter.o(!!!scatter)
    __decompress                             0x08006531   Thumb Code    90  __dczerorl2.o(!!dczerorl2)
    __decompress1                            0x08006531   Thumb Code     0  __dczerorl2.o(!!dczerorl2)
    __scatterload_zeroinit                   0x0800658d   Thumb Code    28  __scatter_zi.o(!!handler_zi)
    __rt_lib_init                            0x080065a9   Thumb Code     0  libinit.o(.ARM.Collect$$libinit$$00000000)
    __rt_lib_init_alloca_1                   0x080065ab   Thumb Code     0  libinit2.o(.ARM.Collect$$libinit$$0000002E)
    __rt_lib_init_argv_1                     0x080065ab   Thumb Code     0  libinit2.o(.ARM.Collect$$libinit$$0000002C)
    __rt_lib_init_atexit_1                   0x080065ab   Thumb Code     0  libinit2.o(.ARM.Collect$$libinit$$0000001B)
    __rt_lib_init_clock_1                    0x080065ab   Thumb Code     0  libinit2.o(.ARM.Collect$$libinit$$00000021)
    __rt_lib_init_cpp_1                      0x080065ab   Thumb Code     0  libinit2.o(.ARM.Collect$$libinit$$00000032)
    __rt_lib_init_exceptions_1               0x080065ab   Thumb Code     0  libinit2.o(.ARM.Collect$$libinit$$00000030)
    __rt_lib_init_fp_1                       0x080065ab   Thumb Code     0  libinit2.o(.ARM.Collect$$libinit$$00000002)
    __rt_lib_init_fp_trap_1                  0x080065ab   Thumb Code     0  libinit2.o(.ARM.Collect$$libinit$$0000001F)
    __rt_lib_init_getenv_1                   0x080065ab   Thumb Code     0  libinit2.o(.ARM.Collect$$libinit$$00000023)
    __rt_lib_init_heap_1                     0x080065ab   Thumb Code     0  libinit2.o(.ARM.Collect$$libinit$$0000000A)
    __rt_lib_init_lc_collate_1               0x080065ab   Thumb Code     0  libinit2.o(.ARM.Collect$$libinit$$00000011)
    __rt_lib_init_lc_ctype_1                 0x080065ab   Thumb Code     0  libinit2.o(.ARM.Collect$$libinit$$00000013)
    __rt_lib_init_lc_monetary_1              0x080065ab   Thumb Code     0  libinit2.o(.ARM.Collect$$libinit$$00000015)
    __rt_lib_init_lc_numeric_1               0x080065ab   Thumb Code     0  libinit2.o(.ARM.Collect$$libinit$$00000017)
    __rt_lib_init_lc_time_1                  0x080065ab   Thumb Code     0  libinit2.o(.ARM.Collect$$libinit$$00000019)
    __rt_lib_init_preinit_1                  0x080065ab   Thumb Code     0  libinit2.o(.ARM.Collect$$libinit$$00000004)
    __rt_lib_init_rand_1                     0x080065ab   Thumb Code     0  libinit2.o(.ARM.Collect$$libinit$$0000000E)
    __rt_lib_init_return                     0x080065ab   Thumb Code     0  libinit2.o(.ARM.Collect$$libinit$$00000033)
    __rt_lib_init_signal_1                   0x080065ab   Thumb Code     0  libinit2.o(.ARM.Collect$$libinit$$0000001D)
    __rt_lib_init_stdio_1                    0x080065ab   Thumb Code     0  libinit2.o(.ARM.Collect$$libinit$$00000025)
    __rt_lib_init_user_alloc_1               0x080065ab   Thumb Code     0  libinit2.o(.ARM.Collect$$libinit$$0000000C)
    __rt_lib_shutdown                        0x080065ad   Thumb Code     0  libshutdown.o(.ARM.Collect$$libshutdown$$00000000)
    __rt_lib_shutdown_cpp_1                  0x080065af   Thumb Code     0  libshutdown2.o(.ARM.Collect$$libshutdown$$00000002)
    __rt_lib_shutdown_fp_trap_1              0x080065af   Thumb Code     0  libshutdown2.o(.ARM.Collect$$libshutdown$$00000007)
    __rt_lib_shutdown_heap_1                 0x080065af   Thumb Code     0  libshutdown2.o(.ARM.Collect$$libshutdown$$0000000F)
    __rt_lib_shutdown_return                 0x080065af   Thumb Code     0  libshutdown2.o(.ARM.Collect$$libshutdown$$00000010)
    __rt_lib_shutdown_signal_1               0x080065af   Thumb Code     0  libshutdown2.o(.ARM.Collect$$libshutdown$$0000000A)
    __rt_lib_shutdown_stdio_1                0x080065af   Thumb Code     0  libshutdown2.o(.ARM.Collect$$libshutdown$$00000004)
    __rt_lib_shutdown_user_alloc_1           0x080065af   Thumb Code     0  libshutdown2.o(.ARM.Collect$$libshutdown$$0000000C)
    __rt_entry                               0x080065b1   Thumb Code     0  __rtentry.o(.ARM.Collect$$rtentry$$00000000)
    __rt_entry_presh_1                       0x080065b1   Thumb Code     0  __rtentry2.o(.ARM.Collect$$rtentry$$00000002)
    __rt_entry_sh                            0x080065b1   Thumb Code     0  __rtentry4.o(.ARM.Collect$$rtentry$$00000004)
    __rt_entry_li                            0x080065b7   Thumb Code     0  __rtentry2.o(.ARM.Collect$$rtentry$$0000000A)
    __rt_entry_postsh_1                      0x080065b7   Thumb Code     0  __rtentry2.o(.ARM.Collect$$rtentry$$00000009)
    __rt_entry_main                          0x080065bb   Thumb Code     0  __rtentry2.o(.ARM.Collect$$rtentry$$0000000D)
    __rt_entry_postli_1                      0x080065bb   Thumb Code     0  __rtentry2.o(.ARM.Collect$$rtentry$$0000000C)
    __rt_exit                                0x080065c3   Thumb Code     0  rtexit.o(.ARM.Collect$$rtexit$$00000000)
    __rt_exit_ls                             0x080065c5   Thumb Code     0  rtexit2.o(.ARM.Collect$$rtexit$$00000003)
    __rt_exit_prels_1                        0x080065c5   Thumb Code     0  rtexit2.o(.ARM.Collect$$rtexit$$00000002)
    __rt_exit_exit                           0x080065c9   Thumb Code     0  rtexit2.o(.ARM.Collect$$rtexit$$00000004)
    DisableIRQ                               0x080065d1   Thumb Code     4  sys.o(.emb_text)
    EnableIRQ                                0x080065d5   Thumb Code     4  sys.o(.emb_text)
    WFI_SET                                  0x080065d9   Thumb Code     2  sys.o(.emb_text)
    INTX_DISABLE                             0x080065db   Thumb Code     2  sys.o(.emb_text)
    INTX_ENABLE                              0x080065dd   Thumb Code     2  sys.o(.emb_text)
    Set_MSP                                  0x080065df   Thumb Code     6  sys.o(.emb_text)
    CPU_SR_Restore                           0x080065e5   Thumb Code     6  sys.o(.emb_text)
    CPU_SR_Save                              0x080065eb   Thumb Code     8  sys.o(.emb_text)
    SystemInit                               0x0800680b   Thumb Code    88  system_stm32l1xx.o(.text)
    Get_SysClk_FrqAndSrc                     0x08006863   Thumb Code   214  system_stm32l1xx.o(.text)
    Reset_Handler                            0x08006965   Thumb Code     8  startup_stm32l1xx_md.o(.text)
    NMI_Handler                              0x0800696d   Thumb Code     2  startup_stm32l1xx_md.o(.text)
    HardFault_Handler                        0x0800696f   Thumb Code     2  startup_stm32l1xx_md.o(.text)
    MemManage_Handler                        0x08006971   Thumb Code     2  startup_stm32l1xx_md.o(.text)
    BusFault_Handler                         0x08006973   Thumb Code     2  startup_stm32l1xx_md.o(.text)
    UsageFault_Handler                       0x08006975   Thumb Code     2  startup_stm32l1xx_md.o(.text)
    SVC_Handler                              0x08006977   Thumb Code     2  startup_stm32l1xx_md.o(.text)
    DebugMon_Handler                         0x08006979   Thumb Code     2  startup_stm32l1xx_md.o(.text)
    PendSV_Handler                           0x0800697b   Thumb Code     2  startup_stm32l1xx_md.o(.text)
    ADC1_IRQHandler                          0x0800697f   Thumb Code     0  startup_stm32l1xx_md.o(.text)
    COMP_IRQHandler                          0x0800697f   Thumb Code     0  startup_stm32l1xx_md.o(.text)
    DAC_IRQHandler                           0x0800697f   Thumb Code     0  startup_stm32l1xx_md.o(.text)
    DMA1_Channel1_IRQHandler                 0x0800697f   Thumb Code     0  startup_stm32l1xx_md.o(.text)
    DMA1_Channel2_IRQHandler                 0x0800697f   Thumb Code     0  startup_stm32l1xx_md.o(.text)
    DMA1_Channel3_IRQHandler                 0x0800697f   Thumb Code     0  startup_stm32l1xx_md.o(.text)
    DMA1_Channel4_IRQHandler                 0x0800697f   Thumb Code     0  startup_stm32l1xx_md.o(.text)
    DMA1_Channel5_IRQHandler                 0x0800697f   Thumb Code     0  startup_stm32l1xx_md.o(.text)
    DMA1_Channel6_IRQHandler                 0x0800697f   Thumb Code     0  startup_stm32l1xx_md.o(.text)
    DMA1_Channel7_IRQHandler                 0x0800697f   Thumb Code     0  startup_stm32l1xx_md.o(.text)
    EXTI1_IRQHandler                         0x0800697f   Thumb Code     0  startup_stm32l1xx_md.o(.text)
    EXTI2_IRQHandler                         0x0800697f   Thumb Code     0  startup_stm32l1xx_md.o(.text)
    EXTI3_IRQHandler                         0x0800697f   Thumb Code     0  startup_stm32l1xx_md.o(.text)
    EXTI4_IRQHandler                         0x0800697f   Thumb Code     0  startup_stm32l1xx_md.o(.text)
    EXTI9_5_IRQHandler                       0x0800697f   Thumb Code     0  startup_stm32l1xx_md.o(.text)
    FLASH_IRQHandler                         0x0800697f   Thumb Code     0  startup_stm32l1xx_md.o(.text)
    I2C1_ER_IRQHandler                       0x0800697f   Thumb Code     0  startup_stm32l1xx_md.o(.text)
    I2C1_EV_IRQHandler                       0x0800697f   Thumb Code     0  startup_stm32l1xx_md.o(.text)
    I2C2_ER_IRQHandler                       0x0800697f   Thumb Code     0  startup_stm32l1xx_md.o(.text)
    I2C2_EV_IRQHandler                       0x0800697f   Thumb Code     0  startup_stm32l1xx_md.o(.text)
    LCD_IRQHandler                           0x0800697f   Thumb Code     0  startup_stm32l1xx_md.o(.text)
    PVD_IRQHandler                           0x0800697f   Thumb Code     0  startup_stm32l1xx_md.o(.text)
    RCC_IRQHandler                           0x0800697f   Thumb Code     0  startup_stm32l1xx_md.o(.text)
    RTC_Alarm_IRQHandler                     0x0800697f   Thumb Code     0  startup_stm32l1xx_md.o(.text)
    RTC_WKUP_IRQHandler                      0x0800697f   Thumb Code     0  startup_stm32l1xx_md.o(.text)
    SPI1_IRQHandler                          0x0800697f   Thumb Code     0  startup_stm32l1xx_md.o(.text)
    SPI2_IRQHandler                          0x0800697f   Thumb Code     0  startup_stm32l1xx_md.o(.text)
    TAMPER_STAMP_IRQHandler                  0x0800697f   Thumb Code     0  startup_stm32l1xx_md.o(.text)
    TIM10_IRQHandler                         0x0800697f   Thumb Code     0  startup_stm32l1xx_md.o(.text)
    TIM11_IRQHandler                         0x0800697f   Thumb Code     0  startup_stm32l1xx_md.o(.text)
    TIM3_IRQHandler                          0x0800697f   Thumb Code     0  startup_stm32l1xx_md.o(.text)
    TIM4_IRQHandler                          0x0800697f   Thumb Code     0  startup_stm32l1xx_md.o(.text)
    TIM6_IRQHandler                          0x0800697f   Thumb Code     0  startup_stm32l1xx_md.o(.text)
    TIM7_IRQHandler                          0x0800697f   Thumb Code     0  startup_stm32l1xx_md.o(.text)
    TIM9_IRQHandler                          0x0800697f   Thumb Code     0  startup_stm32l1xx_md.o(.text)
    USART2_IRQHandler                        0x0800697f   Thumb Code     0  startup_stm32l1xx_md.o(.text)
    USART3_IRQHandler                        0x0800697f   Thumb Code     0  startup_stm32l1xx_md.o(.text)
    USB_FS_WKUP_IRQHandler                   0x0800697f   Thumb Code     0  startup_stm32l1xx_md.o(.text)
    USB_HP_IRQHandler                        0x0800697f   Thumb Code     0  startup_stm32l1xx_md.o(.text)
    USB_LP_IRQHandler                        0x0800697f   Thumb Code     0  startup_stm32l1xx_md.o(.text)
    WWDG_IRQHandler                          0x0800697f   Thumb Code     0  startup_stm32l1xx_md.o(.text)
    __user_initial_stackheap                 0x08006981   Thumb Code     0  startup_stm32l1xx_md.o(.text)
    DeviceResetCheck_Init                    0x080069a1   Thumb Code     2  devicereset.o(.text)
    DATA_EEPROM_Unlock                       0x080069a5   Thumb Code    24  flash.o(.text)
    Flash_Unlock                             0x080069bd   Thumb Code    30  flash.o(.text)
    Flash_lock                               0x080069db   Thumb Code    14  flash.o(.text)
    FLASH_ErasePage                          0x08006a3f   Thumb Code    86  flash.o(.text)
    Flash_Write                              0x08006a95   Thumb Code    58  flash.o(.text)
    GPIOx_Cfg                                0x08006ae5   Thumb Code   144  gpio.o(.text)
    GPIOx_AF                                 0x08006b75   Thumb Code    92  gpio.o(.text)
    GPIOx_Set                                0x08006bd1   Thumb Code    20  gpio.o(.text)
    GPIOx_Rst                                0x08006be5   Thumb Code    14  gpio.o(.text)
    GPIOx_Rvrs                               0x08006bf3   Thumb Code    14  gpio.o(.text)
    GPIOx_Get                                0x08006c01   Thumb Code    14  gpio.o(.text)
    I2C_Init                                 0x08006c33   Thumb Code    26  i2c.o(.text)
    IIC_GetState                             0x08006e9d   Thumb Code    40  i2c.o(.text)
    IIC_Read                                 0x08006ec5   Thumb Code   102  i2c.o(.text)
    IIC_Write                                0x08006f2b   Thumb Code    80  i2c.o(.text)
    IIC_WriteSame                            0x08006f7b   Thumb Code    78  i2c.o(.text)
    Instruct_Run                             0x08006fd5   Thumb Code    24  instruct.o(.text)
    Instruct_Init                            0x08006fed   Thumb Code    28  instruct.o(.text)
    Instruct                                 0x08007009   Thumb Code    18  instruct.o(.text)
    Program_Erase                            0x08007021   Thumb Code    62  program.o(.text)
    Program_Write                            0x0800705f   Thumb Code    48  program.o(.text)
    Program_Read                             0x0800708f   Thumb Code    22  program.o(.text)
    Program_WriteEx                          0x080070a5   Thumb Code   232  program.o(.text)
    FlashEncryptionInit                      0x0800718d   Thumb Code   110  program.o(.text)
    Get_UniqueDeviceID                       0x080071fb   Thumb Code    20  program.o(.text)
    Flash_DefaultValue                       0x0800720f   Thumb Code     4  program.o(.text)
    Flash_PageSize                           0x08007213   Thumb Code     6  program.o(.text)
    Flash_ChipSize                           0x08007219   Thumb Code     8  program.o(.text)
    SetRecTestStatus                         0x08007241   Thumb Code    14  si4432.o(.text)
    GetRSSIPara                              0x0800724f   Thumb Code     4  si4432.o(.text)
    GetThresholdPara                         0x08007253   Thumb Code     6  si4432.o(.text)
    Si4432_Idle                              0x0800734b   Thumb Code    70  si4432.o(.text)
    Si4432_Init                              0x080074c7   Thumb Code   738  si4432.o(.text)
    EXTI15_10_IRQHandler                     0x08007a75   Thumb Code    22  si4432.o(.text)
    Si4432_Send                              0x08007b61   Thumb Code    72  si4432.o(.text)
    SPI2_Port_Init                           0x08007bc1   Thumb Code    28  spi.o(.text)
    SPI2_ReadWriteByte                       0x08007bdd   Thumb Code    86  spi.o(.text)
    SPI2_Init                                0x08007c33   Thumb Code   142  spi.o(.text)
    SPI2_SetSpeed                            0x08007cc1   Thumb Code    42  spi.o(.text)
    MY_NVIC_SetVectorTable                   0x08007cf5   Thumb Code    12  sys.o(.text)
    MY_NVIC_PriorityGroupConfig              0x08007d01   Thumb Code    36  sys.o(.text)
    MY_NVIC_Init                             0x08007d25   Thumb Code    68  sys.o(.text)
    Ex_NVIC_Config                           0x08007d69   Thumb Code   144  sys.o(.text)
    MYRCC_DeInit                             0x08007df9   Thumb Code   112  sys.o(.text)
    Sys_Standby                              0x08007e69   Thumb Code    72  sys.o(.text)
    Sys_Soft_Reset                           0x08007eb1   Thumb Code    12  sys.o(.text)
    JTAG_Set                                 0x08007ebd   Thumb Code    18  sys.o(.text)
    Stm32_Clock_Init                         0x08007ecf   Thumb Code   154  sys.o(.text)
    JumpToCode                               0x08007f69   Thumb Code    30  sys.o(.text)
    SysHard_Init                             0x08007fb9   Thumb Code    24  syshard.o(.text)
    HardID_Check                             0x08007fd1   Thumb Code   122  syshard.o(.text)
    HardID_Change                            0x0800804b   Thumb Code    96  syshard.o(.text)
    SysTick_Init                             0x080080c1   Thumb Code    66  systick.o(.text)
    Time_Get                                 0x08008103   Thumb Code     6  systick.o(.text)
    UpdateRandomTime                         0x08008109   Thumb Code    10  systick.o(.text)
    GetRandomTime                            0x08008113   Thumb Code     6  systick.o(.text)
    SysTick_Handler                          0x08008119   Thumb Code    34  systick.o(.text)
    Test_Init                                0x08008149   Thumb Code    28  test.o(.text)
    UART_Init                                0x08008169   Thumb Code   162  usart.o(.text)
    UART_Write                               0x0800820b   Thumb Code    50  usart.o(.text)
    UART_Send                                0x0800823d   Thumb Code    44  usart.o(.text)
    USART1_IRQHandler                        0x08008269   Thumb Code    30  usart.o(.text)
    WDG_Init                                 0x08008299   Thumb Code     2  wdg.o(.text)
    WDG_Feed                                 0x0800829b   Thumb Code     2  wdg.o(.text)
    WDG_FeedOFF                              0x0800829d   Thumb Code     2  wdg.o(.text)
    HardWDGTest_Attr                         0x0800829f   Thumb Code     6  wdg.o(.text)
    ADC_TestPowerON                          0x080082d9   Thumb Code    12  adc.o(.text)
    ADC_TestPowerOFF                         0x080082e5   Thumb Code    12  adc.o(.text)
    ADC_Init                                 0x080082f1   Thumb Code   208  adc.o(.text)
    ADC_Read                                 0x080083c1   Thumb Code    64  adc.o(.text)
    ADC_ReadAverage                          0x08008401   Thumb Code   112  adc.o(.text)
    Battery_GetVoltage                       0x08008481   Thumb Code    60  battery.o(.text)
    Battery_GetPercent                       0x080084bd   Thumb Code   650  battery.o(.text)
    Battery_Show_State                       0x08008755   Thumb Code   136  batteryexeattr.o(.text)
    Battery_Show                             0x080087dd   Thumb Code    14  batteryexeattr.o(.text)
    Battery_Init                             0x080087eb   Thumb Code    14  batteryexeattr.o(.text)
    Get_PowerPercent_Attr                    0x080087f9   Thumb Code    34  batteryexeattr.o(.text)
    Get_ChargeState_Attr                     0x0800881b   Thumb Code     6  batteryexeattr.o(.text)
    WKUP_PortInit                            0x08008835   Thumb Code    14  lowpower.o(.text)
    StandbyCountReset                        0x08008843   Thumb Code     8  lowpower.o(.text)
    WKUP_GetState                            0x0800884b   Thumb Code    20  lowpower.o(.text)
    Standby_Mode                             0x0800885f   Thumb Code   176  lowpower.o(.text)
    LowPower_CheckTime                       0x0800890f   Thumb Code    92  lowpower.o(.text)
    main                                     0x080089a1   Thumb Code    74  main.o(.text)
    UnitCnt_Get                              0x080089fd   Thumb Code     4  unitcfg.o(.text)
    Unit_Init                                0x08008a01   Thumb Code    52  unitcfg.o(.text)
    IIC_InitPort                             0x08008a3f   Thumb Code    40  iic.o(.text)
    IIC_Start                                0x08008a67   Thumb Code    70  iic.o(.text)
    IIC_Stop                                 0x08008aad   Thumb Code    52  iic.o(.text)
    IIC_WaitAck                              0x08008ae1   Thumb Code   160  iic.o(.text)
    IIC_ACK                                  0x08008b81   Thumb Code    66  iic.o(.text)
    IIC_NACK                                 0x08008bc3   Thumb Code    60  iic.o(.text)
    IIC_SendByte                             0x08008bff   Thumb Code    94  iic.o(.text)
    IIC_GetByte                              0x08008c5d   Thumb Code   108  iic.o(.text)
    IIC_WriteByte                            0x08008cc9   Thumb Code    46  iic.o(.text)
    IIC_ReadByte                             0x08008cf7   Thumb Code    60  iic.o(.text)
    IIC_WriteDataN                           0x08008d33   Thumb Code    68  iic.o(.text)
    IIC_ReadDataN                            0x08008d77   Thumb Code    96  iic.o(.text)
    WTC6216_Init                             0x08008ddd   Thumb Code    24  wtc6216.o(.text)
    WTC6216_Output_Init                      0x08008df5   Thumb Code    14  wtc6216.o(.text)
    WTC6216_ReadKey                          0x08008e03   Thumb Code    10  wtc6216.o(.text)
    WTC6216_WriteKey                         0x08008e0d   Thumb Code    18  wtc6216.o(.text)
    Config_Wtc6216                           0x08008e1f   Thumb Code    32  wtc6216.o(.text)
    OLED_ClearScreen                         0x08008e45   Thumb Code    64  oled.o(.text)
    Init_OLED                                0x08008e85   Thumb Code   296  oled.o(.text)
    OLED_SetCursor                           0x08008fad   Thumb Code    50  oled.o(.text)
    OLED_SetCursor_Normal                    0x08008fdf   Thumb Code    46  oled.o(.text)
    OLED_ShowPicture                         0x0800900d   Thumb Code    68  oled.o(.text)
    OLED_ShowPicAt                           0x08009051   Thumb Code    78  oled.o(.text)
    OLED_ShowHalfPicAt                       0x0800909f   Thumb Code    82  oled.o(.text)
    OLED_ShowQuartPicAt                      0x080090f1   Thumb Code    94  oled.o(.text)
    OLED_Show32x323PicAt                     0x0800914f   Thumb Code    94  oled.o(.text)
    OLED_ShowChar                            0x080091ad   Thumb Code    96  oled.o(.text)
    OLED_ShowCN                              0x0800920d   Thumb Code   152  oled.o(.text)
    OLED_ShowString                          0x080092a5   Thumb Code    68  oled.o(.text)
    OLED_DrawLine                            0x080092e9   Thumb Code    34  oled.o(.text)
    OLED_ShowNum18x32                        0x0800930b   Thumb Code    70  oled.o(.text)
    _74HC595_Init                            0x08009351   Thumb Code   158  74hc595.o(.text)
    _74HC595_MainReset                       0x080093ef   Thumb Code    50  74hc595.o(.text)
    _74HC595_WriteData                       0x08009421   Thumb Code   100  74hc595.o(.text)
    InitQueue                                0x08009485   Thumb Code    38  queue.o(.text)
    Enqueue                                  0x080094e3   Thumb Code   130  queue.o(.text)
    Dequeue                                  0x08009565   Thumb Code    64  queue.o(.text)
    TIMx_Init                                0x080095a5   Thumb Code    80  timx.o(.text)
    TIMx_Enable                              0x080095f5   Thumb Code    10  timx.o(.text)
    Set_TIMx_CNTValue                        0x080095ff   Thumb Code     4  timx.o(.text)
    TIMx_Disable                             0x08009603   Thumb Code    10  timx.o(.text)
    TIM2_IRQHandler                          0x0800960d   Thumb Code    74  timx.o(.text)
    EXTI_Init                                0x08009661   Thumb Code    26  extix.o(.text)
    Set_EXTI_Trigger                         0x0800967b   Thumb Code    62  extix.o(.text)
    EXTI0_IRQHandler                         0x080096b9   Thumb Code    16  extix.o(.text)
    Key_Init                                 0x080096cd   Thumb Code     8  key.o(.text)
    KeyScanf_Init                            0x080096d5   Thumb Code    50  key.o(.text)
    KeyEXTIHandle                            0x08009741   Thumb Code   138  key.o(.text)
    KeyTIMHandle                             0x080097cb   Thumb Code    46  key.o(.text)
    Key_Handle                               0x08009947   Thumb Code   606  key.o(.text)
    Key_FirstScan                            0x08009ba5   Thumb Code    62  key.o(.text)
    Save_CurrentKeyState                     0x08009be3   Thumb Code    16  key.o(.text)
    Get_CurrentKeyState                      0x08009bf3   Thumb Code    18  key.o(.text)
    ShowLED_OpenAll                          0x08009c19   Thumb Code    12  showled.o(.text)
    ShowLED_CloseAll                         0x08009c25   Thumb Code    12  showled.o(.text)
    ShowLED_CheckDevice                      0x08009c31   Thumb Code    38  showled.o(.text)
    ShowLED_LightON                          0x08009c57   Thumb Code    24  showled.o(.text)
    ShowLED_LightOFF                         0x08009c6f   Thumb Code    26  showled.o(.text)
    ShowLED_CycleLED                         0x08009c89   Thumb Code   310  showled.o(.text)
    ShowLED_StartCycleLED                    0x08009dbf   Thumb Code    40  showled.o(.text)
    ShowLED_ReverLED                         0x08009de7   Thumb Code    56  showled.o(.text)
    ShowLED_FlashLED                         0x08009e1f   Thumb Code    34  showled.o(.text)
    AirCondition_ReadSaveData                0x08009e61   Thumb Code   182  airconditionpad.o(.text)
    Init_AirCondition                        0x08009f17   Thumb Code   174  airconditionpad.o(.text)
    AirCondition_SaveRelateData              0x08009fc5   Thumb Code    16  airconditionpad.o(.text)
    AirCondition_SaveData                    0x08009fd5   Thumb Code    16  airconditionpad.o(.text)
    AirCondition_SendData                    0x0800a031   Thumb Code    26  airconditionpad.o(.text)
    Show_Temper                              0x0800a04b   Thumb Code    74  airconditionpad.o(.text)
    AirCondition_KeyHander                   0x0800a095   Thumb Code   366  airconditionpad.o(.text)
    AirCondition_FullShow                    0x0800a203   Thumb Code   282  airconditionpad.o(.text)
    AirCondition_FirstShowPicture            0x0800a31d   Thumb Code   226  airconditionpad.o(.text)
    Key_UnitAttrNum                          0x0800a415   Thumb Code     4  keyexeattr.o(.text)
    KeyLowPowerHandle                        0x0800a419   Thumb Code    24  keyexeattr.o(.text)
    KeyInit                                  0x0800a431   Thumb Code   420  keyexeattr.o(.text)
    KeyEepromInit                            0x0800a5d5   Thumb Code   118  keyexeattr.o(.text)
    Get_TouchKey_Attr                        0x0800a64b   Thumb Code    20  keyexeattr.o(.text)
    Set_TouchKey_Attr                        0x0800a65f   Thumb Code    28  keyexeattr.o(.text)
    Get_TouchKeyStatus_Attr                  0x0800a67b   Thumb Code    24  keyexeattr.o(.text)
    Set_Password_Attr                        0x0800a693   Thumb Code    46  keyexeattr.o(.text)
    Get_Password_Attr                        0x0800a6c1   Thumb Code    42  keyexeattr.o(.text)
    Get_DeviceRelateData_Attr                0x0800a6eb   Thumb Code    66  keyexeattr.o(.text)
    Set_DeviceRelate_Attr                    0x0800a72d   Thumb Code    54  keyexeattr.o(.text)
    Get_DeviceRelate_Attr                    0x0800a763   Thumb Code    74  keyexeattr.o(.text)
    Set_DeviceRelateSwitch_Attr              0x0800a7ad   Thumb Code    12  keyexeattr.o(.text)
    Get_DeviceRelateSwitch_Attr              0x0800a7b9   Thumb Code    16  keyexeattr.o(.text)
    Set_MaxMinTemperature_Attr               0x0800a7c9   Thumb Code    46  keyexeattr.o(.text)
    Get_MaxMinTemperature_Attr               0x0800a7f7   Thumb Code    86  keyexeattr.o(.text)
    KeyChecking_Attr                         0x0800a84d   Thumb Code    16  keyexeattr.o(.text)
    memcpy                                   0x0800a861   Thumb Code    28  bestfulib.o(.text)
    memcmp                                   0x0800a87d   Thumb Code    40  bestfulib.o(.text)
    memset                                   0x0800a8a5   Thumb Code    18  bestfulib.o(.text)
    memmove                                  0x0800a8b7   Thumb Code    58  bestfulib.o(.text)
    memfind                                  0x0800a8f1   Thumb Code    64  bestfulib.o(.text)
    memcharget                               0x0800a931   Thumb Code    48  bestfulib.o(.text)
    Process_FIFOData                         0x0800a961   Thumb Code   102  cmdprocess.o(.text)
    Msg_Execute                              0x0800aa35   Thumb Code   240  cmdprocess.o(.text)
    FIFOInit                                 0x0800aba1   Thumb Code   172  cmdprocess.o(.text)
    ProcessSend_Fun                          0x0800ac4d   Thumb Code     8  cmdprocess.o(.text)
    head_put                                 0x0800acad   Thumb Code    16  command.o(.text)
    tail_put                                 0x0800acbd   Thumb Code    16  command.o(.text)
    short_get                                0x0800accd   Thumb Code   226  command.o(.text)
    short_put                                0x0800adaf   Thumb Code   140  command.o(.text)
    EncryptCmd_get                           0x0800ae3b   Thumb Code   200  command.o(.text)
    EncryptCmd_getEx                         0x0800af03   Thumb Code    48  command.o(.text)
    EncryptCmd_put                           0x0800af33   Thumb Code   158  command.o(.text)
    delay_us                                 0x0800afd9   Thumb Code    24  delay.o(.text)
    delay_ms                                 0x0800aff1   Thumb Code    28  delay.o(.text)
    ReadDataFromEEPROM                       0x0800b00d   Thumb Code   120  eeprom.o(.text)
    WriteDataToEEPROM                        0x0800b085   Thumb Code   120  eeprom.o(.text)
    WriteDataToEEPROMEx                      0x0800b0fd   Thumb Code   118  eeprom.o(.text)
    Fault_Upload                             0x0800b175   Thumb Code    74  faultmanage.o(.text)
    fifo_Init                                0x0800b1c5   Thumb Code    26  fifo.o(.text)
    fifo_Rst                                 0x0800b1df   Thumb Code    18  fifo.o(.text)
    fifo_empty                               0x0800b1f1   Thumb Code    18  fifo.o(.text)
    fifo_validSize                           0x0800b243   Thumb Code    30  fifo.o(.text)
    fifo_puts                                0x0800b261   Thumb Code   106  fifo.o(.text)
    fifo_gets                                0x0800b2cb   Thumb Code   124  fifo.o(.text)
    fifo_putc                                0x0800b347   Thumb Code    60  fifo.o(.text)
    fifo_getc                                0x0800b383   Thumb Code    62  fifo.o(.text)
    fifo_find                                0x0800b3c1   Thumb Code    92  fifo.o(.text)
    fifo_cmp                                 0x0800b41d   Thumb Code    62  fifo.o(.text)
    PropFifoInit                             0x0800b45d   Thumb Code    14  linkscanfifo.o(.text)
    PropChangeScanAndExe                     0x0800b46b   Thumb Code    46  linkscanfifo.o(.text)
    PropEventFifo                            0x0800b499   Thumb Code    86  linkscanfifo.o(.text)
    SaveSerialNum                            0x0800b4fd   Thumb Code    12  msgpackage.o(.text)
    Msg_Feedback                             0x0800b509   Thumb Code   114  msgpackage.o(.text)
    Msg_UploadUnit                           0x0800b5c5   Thumb Code    62  msgpackage.o(.text)
    Msg_Upload                               0x0800b603   Thumb Code    58  msgpackage.o(.text)
    Msg_Send                                 0x0800b63d   Thumb Code    68  msgpackage.o(.text)
    Sys_UnitAttrNum                          0x0800b68d   Thumb Code     4  sysexeattr.o(.text)
    Upload_RESTART                           0x0800b691   Thumb Code    10  sysexeattr.o(.text)
    SysAttr_Init                             0x0800b69b   Thumb Code    58  sysexeattr.o(.text)
    Get_Version_Attr                         0x0800b6d5   Thumb Code   140  sysexeattr.o(.text)
    Get_DeviceType_Attr                      0x0800b761   Thumb Code    84  sysexeattr.o(.text)
    Set_UserID_Attr                          0x0800b7b5   Thumb Code    44  sysexeattr.o(.text)
    Get_UserID_Attr                          0x0800b7e1   Thumb Code    18  sysexeattr.o(.text)
    Set_DeviceChannelFlag_Attr               0x0800b7f3   Thumb Code    30  sysexeattr.o(.text)
    Get_DeviceChannelFlag_Attr               0x0800b811   Thumb Code    22  sysexeattr.o(.text)
    Get_DeviceAddr_Attr                      0x0800b827   Thumb Code    18  sysexeattr.o(.text)
    Set_CmdAckNum_Attr                       0x0800b839   Thumb Code    44  sysexeattr.o(.text)
    Get_CmdAckNum_Attr                       0x0800b865   Thumb Code    16  sysexeattr.o(.text)
    Set_RepeatBandAddr_Attr                  0x0800b875   Thumb Code   138  sysexeattr.o(.text)
    Get_RepeatBandAddr_Attr                  0x0800b8ff   Thumb Code   138  sysexeattr.o(.text)
    Set_RepeatBroadcast_Attr                 0x0800b989   Thumb Code    38  sysexeattr.o(.text)
    Get_RepeatBroadcast_Attr                 0x0800b9af   Thumb Code    24  sysexeattr.o(.text)
    Set_UnitArea_Attr                        0x0800b9c7   Thumb Code   126  sysexeattr.o(.text)
    Get_UnitArea_Attr                        0x0800ba45   Thumb Code   122  sysexeattr.o(.text)
    Set_UnitType_Attr                        0x0800babf   Thumb Code   134  sysexeattr.o(.text)
    Get_UnitType_Attr                        0x0800bb45   Thumb Code   112  sysexeattr.o(.text)
    Set_CommonType_Attr                      0x0800bbb5   Thumb Code   134  sysexeattr.o(.text)
    Get_CommonType_Attr                      0x0800bc3b   Thumb Code   112  sysexeattr.o(.text)
    Set_UploadAble_Attr                      0x0800bcab   Thumb Code   164  sysexeattr.o(.text)
    Get_UploadAble_Attr                      0x0800bd4f   Thumb Code   144  sysexeattr.o(.text)
    Set_UnitAble_Attr                        0x0800bddf   Thumb Code   134  sysexeattr.o(.text)
    Get_UnitAble_Attr                        0x0800be65   Thumb Code   118  sysexeattr.o(.text)
    Get_Eeprom_Info_Attr                     0x0800bedb   Thumb Code    82  sysexeattr.o(.text)
    Set_FaultFlag_Attr                       0x0800bf2d   Thumb Code    36  sysexeattr.o(.text)
    Get_FaultFlag_Attr                       0x0800bf51   Thumb Code    20  sysexeattr.o(.text)
    Set_UserDataFormat_Attr                  0x0800bf65   Thumb Code    94  sysexeattr.o(.text)
    Set_Link_Attr                            0x0800bfc3   Thumb Code    98  sysexeattr.o(.text)
    Get_Link_Attr                            0x0800c025   Thumb Code    68  sysexeattr.o(.text)
    Set_Link_Time_Attr                       0x0800c069   Thumb Code    98  sysexeattr.o(.text)
    Set_DelLinkForUnit_Attr                  0x0800c0cb   Thumb Code    40  sysexeattr.o(.text)
    Get_DeveiceSysClockFeature_Attr          0x0800c0f3   Thumb Code    50  sysexeattr.o(.text)
    Thread_Init                              0x0800c129   Thumb Code     8  thread.o(.text)
    Thread_Wake                              0x0800c159   Thumb Code   132  thread.o(.text)
    Thread_Login                             0x0800c1dd   Thumb Code   228  thread.o(.text)
    Thread_Logout                            0x0800c2c1   Thumb Code    94  thread.o(.text)
    Thread_Hang                              0x0800c31f   Thumb Code   108  thread.o(.text)
    Thread_Process                           0x0800c38b   Thumb Code   106  thread.o(.text)
    Thread_RunCheck                          0x0800c3f5   Thumb Code    44  thread.o(.text)
    Thread_Query                             0x0800c421   Thumb Code    48  thread.o(.text)
    UpgradePreStage                          0x0800c4af   Thumb Code   184  updata.o(.text)
    Updata_PackProcess                       0x0800c567   Thumb Code   118  updata.o(.text)
    Updata_PackCheck                         0x0800c5dd   Thumb Code    78  updata.o(.text)
    Updata_Calibrate                         0x0800c62b   Thumb Code    32  updata.o(.text)
    Updata_Flag                              0x0800c64b   Thumb Code    84  updata.o(.text)
    Updata_Channel                           0x0800c69f   Thumb Code   114  updata.o(.text)
    Channel_Get                              0x0800c711   Thumb Code    60  updata.o(.text)
    Upload_Fault                             0x0800c77d   Thumb Code    34  upload.o(.text)
    Upload_Check                             0x0800c815   Thumb Code   170  upload.o(.text)
    Upload                                   0x0800c8bf   Thumb Code   152  upload.o(.text)
    Upload_Immediately                       0x0800c957   Thumb Code    80  upload.o(.text)
    SceneEEPROM_Init                         0x0800c9b9   Thumb Code    44  userdata.o(.text)
    GroupEEPROMUnit_Init                     0x0800c9e5   Thumb Code    54  userdata.o(.text)
    GroupEEPROM_Init                         0x0800ca1b   Thumb Code    26  userdata.o(.text)
    UnitPrivateEEPROMUnitData_Init           0x0800ca35   Thumb Code    36  userdata.o(.text)
    UnitPrivateEEPROMData_Init               0x0800ca59   Thumb Code    26  userdata.o(.text)
    UnitPublicEEPROMUnitData_Init            0x0800ca73   Thumb Code   102  userdata.o(.text)
    UnitPublicEEPROMData_Init                0x0800cad9   Thumb Code    26  userdata.o(.text)
    SysEEPROMData_Init                       0x0800caf3   Thumb Code    58  userdata.o(.text)
    UserEEPROMData_Init                      0x0800cb2d   Thumb Code    54  userdata.o(.text)
    FaultData_Init                           0x0800cb63   Thumb Code    14  userdata.o(.text)
    UserData_Init                            0x0800cb71   Thumb Code    92  userdata.o(.text)
    FaultData_Save                           0x0800cbcd   Thumb Code    32  userdata.o(.text)
    FaultData_Get                            0x0800cbed   Thumb Code    22  userdata.o(.text)
    SysEEPROMData_Set                        0x0800cc03   Thumb Code    24  userdata.o(.text)
    UnitPublicEEPROMData_Get                 0x0800cc1b   Thumb Code    40  userdata.o(.text)
    UnitPublicEEPROMData_Set                 0x0800cc43   Thumb Code    48  userdata.o(.text)
    SetDeviceChannelFlag                     0x0800cc73   Thumb Code   116  userdata.o(.text)
    GetDeviceChannelFlag                     0x0800cce7   Thumb Code    82  userdata.o(.text)
    GroupEEPROM_Clr                          0x0800cd39   Thumb Code   410  userdata.o(.text)
    GroupEEPROM_Set                          0x0800ced3   Thumb Code   294  userdata.o(.text)
    GroupEEPROM_Get                          0x0800cff9   Thumb Code   158  userdata.o(.text)
    SceneData_Init                           0x0800d097   Thumb Code    38  userdata.o(.text)
    SceneEEPROMUnit_Init                     0x0800d0bd   Thumb Code   154  userdata.o(.text)
    SceneEEPROM_Clr                          0x0800d2a1   Thumb Code   212  userdata.o(.text)
    SceneEEPROM_Set                          0x0800d433   Thumb Code   250  userdata.o(.text)
    SceneEEPROM_Get                          0x0800d543   Thumb Code    66  userdata.o(.text)
    EEPROM_Write                             0x0800d585   Thumb Code    46  userdata.o(.text)
    EEPROM_Read                              0x0800d5b3   Thumb Code    46  userdata.o(.text)
    Set_Sign433_StartSendFrame_Attr          0x0800d5e5   Thumb Code    70  sign433attr.o(.text)
    Get_Sign433_MasterAddr                   0x0800d62b   Thumb Code     6  sign433attr.o(.text)
    Get_Sign433_TestPackNum                  0x0800d631   Thumb Code     6  sign433attr.o(.text)
    Get_Sign433_StartSendFrame_Attr          0x0800d637   Thumb Code    46  sign433attr.o(.text)
    Set_Sign433_StartRecFrame_Attr           0x0800d665   Thumb Code   100  sign433attr.o(.text)
    Get_Sign433_StartRecFrame_Attr           0x0800d6c9   Thumb Code    46  sign433attr.o(.text)
    Set_Sign433_RecFrameStream_Attr          0x0800d6f7   Thumb Code    66  sign433attr.o(.text)
    Get_DeviceThreshold_Attr                 0x0800d739   Thumb Code    22  sign433attr.o(.text)
    Set_Sign433_TestState_Attr               0x0800d74f   Thumb Code    20  sign433attr.o(.text)
    Get_Sign433_TestState_Attr               0x0800d763   Thumb Code    16  sign433attr.o(.text)
    EncryptData                              0x0800da6b   Thumb Code    80  dataencrypt.o(.text)
    DecryptData                              0x0800dabb   Thumb Code    86  dataencrypt.o(.text)
    EncryptInit                              0x0800db11   Thumb Code    32  dataencrypt.o(.text)
    DevPivotalSetInit                        0x0800db49   Thumb Code   156  devparttab.o(.text)
    GetDevPivotalSet                         0x0800dbe5   Thumb Code     6  devparttab.o(.text)
    ChkCrcValue                              0x0800dbf9   Thumb Code    52  crc.o(.text)
    ChkCrcValueEx                            0x0800dc2d   Thumb Code    56  crc.o(.text)
    Set_IAPReady_Attr                        0x0800dcc7   Thumb Code    42  flashattr.o(.text)
    Get_IAPReady_Attr                        0x0800ddc1   Thumb Code    52  flashattr.o(.text)
    Set_IAPPackSave_Attr                     0x0800ddf5   Thumb Code    56  flashattr.o(.text)
    Set_433Channel_Attr                      0x0800de2d   Thumb Code    70  flashattr.o(.text)
    Get_433Channel_Attr                      0x0800de73   Thumb Code    20  flashattr.o(.text)
    LinkInit                                 0x0800de99   Thumb Code     8  linksrc.o(.text)
    LinkClr                                  0x0800dea1   Thumb Code     8  linksrc.o(.text)
    CmpSampAndLinkValue                      0x0800dea9   Thumb Code   130  linksrc.o(.text)
    GetConditionReverse                      0x0800df2b   Thumb Code    56  linksrc.o(.text)
    GetConditionOffset                       0x0800df63   Thumb Code    78  linksrc.o(.text)
    LinkSrcExe                               0x0800dfb1   Thumb Code   436  linksrc.o(.text)
    CheckLinkFull                            0x0800e169   Thumb Code    18  linkwrdc.o(.text)
    QueryLink                                0x0800e17b   Thumb Code    22  linkwrdc.o(.text)
    QueryAllLinkFromTable                    0x0800e191   Thumb Code    64  linkwrdc.o(.text)
    ReadLinkFromTable                        0x0800e1d1   Thumb Code    34  linkwrdc.o(.text)
    WriteLinkToTable                         0x0800e1f3   Thumb Code    62  linkwrdc.o(.text)
    DelAllLinkFromTable                      0x0800e231   Thumb Code    46  linkwrdc.o(.text)
    DelLinkFromTable                         0x0800e25f   Thumb Code    30  linkwrdc.o(.text)
    ChkLinkIsExist                           0x0800e27d   Thumb Code    26  linkwrdc.o(.text)
    GetLinkNum                               0x0800e297   Thumb Code    22  linkwrdc.o(.text)
    WriteLinkItem                            0x0800e2ad   Thumb Code   118  linkwrdc.o(.text)
    ModifyLinkItem                           0x0800e323   Thumb Code    76  linkwrdc.o(.text)
    ReadLinkItem                             0x0800e36f   Thumb Code   108  linkwrdc.o(.text)
    QueryLinkItem                            0x0800e3db   Thumb Code    56  linkwrdc.o(.text)
    DelLinkItem                              0x0800e413   Thumb Code    68  linkwrdc.o(.text)
    WriteLinkItemEx                          0x0800e457   Thumb Code   180  linkwrdc.o(.text)
    ModifyLinkItemEx                         0x0800e50b   Thumb Code   138  linkwrdc.o(.text)
    DelLinkForUnit                           0x0800e595   Thumb Code   140  linkwrdc.o(.text)
    DelLinkForPropIDandVal                   0x0800e621   Thumb Code    84  linkwrdc.o(.text)
    Check_Area                               0x0800e679   Thumb Code   112  object.o(.text)
    Object_Check                             0x0800e7a3   Thumb Code  1206  object.o(.text)
    ShortObject_Check                        0x0800ec83   Thumb Code    68  object.o(.text)
    Set_Scene_Attr                           0x0800ecd1   Thumb Code   260  scene&group.o(.text)
    Get_Scene_Attr                           0x0800edd5   Thumb Code   110  scene&group.o(.text)
    Set_Group_Attr                           0x0800ee43   Thumb Code   240  scene&group.o(.text)
    Get_Group_Attr                           0x0800ef33   Thumb Code    94  scene&group.o(.text)
    SI4432Test_Fail                          0x0800ef91   Thumb Code    16  systestattr.o(.text)
    SI4432Test_Attr                          0x0800efa1   Thumb Code    68  systestattr.o(.text)
    Set_ManyUnit_Attr                        0x0800eff5   Thumb Code   102  unitshare_attr.o(.text)
    Get_ManyUnit_Attr                        0x0800f05b   Thumb Code   322  unitshare_attr.o(.text)
    Set_UnitChecking_Attr                    0x0800f19d   Thumb Code   126  unitshare_attr.o(.text)
    Get_SingleUnit_AttrLen                   0x0800f21b   Thumb Code   110  unitshare_attr.o(.text)
    UserDataDownload_Init                    0x0800f291   Thumb Code    20  userdatadownload.o(.text)
    UserDataDownload_Ready                   0x0800f2a5   Thumb Code   184  userdatadownload.o(.text)
    UserDataFrame_Save                       0x0800f35d   Thumb Code   134  userdatadownload.o(.text)
    UserDataFrame_Check                      0x0800f3e3   Thumb Code    78  userdatadownload.o(.text)
    Sign433_SendTestFrame                    0x0800f441   Thumb Code    82  sign433.o(.text)
    Sign433_SendTestFrameStream              0x0800f493   Thumb Code    28  sign433.o(.text)
    ClearRecTestStatus                       0x0800f4af   Thumb Code    10  sign433.o(.text)
    Sign433_SendTestReport                   0x0800f4b9   Thumb Code    54  sign433.o(.text)
    Get_ResetAddr_Attr                       0x0800f4f9   Thumb Code   100  deviceidsetattr.o(.text)
    Set_ResetAddr_Attr                       0x0800f55d   Thumb Code   236  deviceidsetattr.o(.text)
    ALinkClr                                 0x0800f661   Thumb Code    62  linksimplest.o(.text)
    ALinkInit                                0x0800f69f   Thumb Code    62  linksimplest.o(.text)
    ChkALinkIsExist                          0x0800f6dd   Thumb Code    90  linksimplest.o(.text)
    GetALinkNum                              0x0800f737   Thumb Code    80  linksimplest.o(.text)
    QueryALink                               0x0800f787   Thumb Code    50  linksimplest.o(.text)
    CheckALinkFull                           0x0800f7b9   Thumb Code    18  linksimplest.o(.text)
    ReadALink                                0x0800f7cb   Thumb Code    50  linksimplest.o(.text)
    WriteALink                               0x0800f7fd   Thumb Code   148  linksimplest.o(.text)
    DelALink                                 0x0800f891   Thumb Code   234  linksimplest.o(.text)
    AllALinkTimeClr                          0x0800f985   Thumb Code    42  linksimplesttime.o(.text)
    ALinkTimeInit                            0x0800f9af   Thumb Code    42  linksimplesttime.o(.text)
    QueryALinkTime                           0x0800f9d9   Thumb Code    50  linksimplesttime.o(.text)
    DelALinkTime                             0x0800fa0b   Thumb Code   234  linksimplesttime.o(.text)
    WriteALinkTime                           0x0800faf5   Thumb Code   134  linksimplesttime.o(.text)
    ReadALinkTime                            0x0800fb7b   Thumb Code    34  linksimplesttime.o(.text)
    AddALinkTimeCmdX1                        0x0800fb9d   Thumb Code    74  linksimplesttime.o(.text)
    WriteALinkTimeToTable                    0x0800fbe7   Thumb Code    42  linksimplesttime.o(.text)
    DelALinkTimeFromTable                    0x0800fc11   Thumb Code    12  linksimplesttime.o(.text)
    TransformTimePara                        0x0800fc25   Thumb Code   198  timehandle.o(.text)
    CheckTimeParaIsZero                      0x0800fd6d   Thumb Code    18  timehandle.o(.text)
    CheckAllTimeParaIsOK                     0x0800fdbd   Thumb Code    40  timehandle.o(.text)
    __aeabi_memclr4                          0x0800fde5   Thumb Code     0  rt_memclr_w.o(.text)
    __aeabi_memclr8                          0x0800fde5   Thumb Code     0  rt_memclr_w.o(.text)
    __rt_memclr_w                            0x0800fde5   Thumb Code    78  rt_memclr_w.o(.text)
    _memset_w                                0x0800fde9   Thumb Code     0  rt_memclr_w.o(.text)
    __use_two_region_memory                  0x0800fe33   Thumb Code     2  heapauxi.o(.text)
    __rt_heap_escrow$2region                 0x0800fe35   Thumb Code     2  heapauxi.o(.text)
    __rt_heap_expand$2region                 0x0800fe37   Thumb Code     2  heapauxi.o(.text)
    __user_setup_stackheap                   0x0800fe39   Thumb Code    74  sys_stackheap_outer.o(.text)
    exit                                     0x0800fe83   Thumb Code    18  exit.o(.text)
    __user_libspace                          0x0800fe95   Thumb Code     8  libspace.o(.text)
    __user_perproc_libspace                  0x0800fe95   Thumb Code     0  libspace.o(.text)
    __user_perthread_libspace                0x0800fe95   Thumb Code     0  libspace.o(.text)
    _sys_exit                                0x0800fe9d   Thumb Code     8  sys_exit.o(.text)
    __I$use$semihosting                      0x0800fea9   Thumb Code     0  use_no_semi.o(.text)
    __use_no_semihosting_swi                 0x0800fea9   Thumb Code     2  use_no_semi.o(.text)
    __semihosting_library_function           0x0800feab   Thumb Code     0  indicate_semi.o(.text)
    DecryptionFlash                          0x0800fead   Thumb Code    50  scene&group.o(i.DecryptionFlash)
    __aeabi_dadd                             0x0800feed   Thumb Code     0  daddsub_clz.o(x$fpl$dadd)
    _dadd                                    0x0800feed   Thumb Code   332  daddsub_clz.o(x$fpl$dadd)
    __aeabi_d2uiz                            0x0801003d   Thumb Code     0  dfixu.o(x$fpl$dfixu)
    _dfixu                                   0x0801003d   Thumb Code    90  dfixu.o(x$fpl$dfixu)
    __aeabi_i2d                              0x08010097   Thumb Code     0  dflt_clz.o(x$fpl$dflt)
    _dflt                                    0x08010097   Thumb Code    46  dflt_clz.o(x$fpl$dflt)
    __aeabi_ui2d                             0x080100c5   Thumb Code     0  dflt_clz.o(x$fpl$dfltu)
    _dfltu                                   0x080100c5   Thumb Code    38  dflt_clz.o(x$fpl$dfltu)
    __aeabi_dmul                             0x080100ed   Thumb Code     0  dmul.o(x$fpl$dmul)
    _dmul                                    0x080100ed   Thumb Code   332  dmul.o(x$fpl$dmul)
    __fpl_dnaninf                            0x08010241   Thumb Code   156  dnaninf.o(x$fpl$dnaninf)
    __fpl_dretinf                            0x080102dd   Thumb Code    12  dretinf.o(x$fpl$dretinf)
    __aeabi_dsub                             0x080102e9   Thumb Code     0  daddsub_clz.o(x$fpl$dsub)
    _dsub                                    0x080102e9   Thumb Code   464  daddsub_clz.o(x$fpl$dsub)
    __I$use$fp                               0x080104bc   Number         0  usenofp.o(x$fpl$usenofp)
    Si4432Cfg_Tab                            0x080104c4   Data          21  si4432.o(.constdata)
    VoltageTab                               0x080104e2   Data          22  battery.o(.constdata)
    UnitTab                                  0x080104f8   Data          40  unitcfg.o(.constdata)
    ASCII_1608                               0x08010520   Data        1520  oled.o(.constdata)
    GB1616_ZMo                               0x08010b10   Data          39  oled.o(.constdata)
    GB1616                                   0x08010b37   Data         416  oled.o(.constdata)
    PIC_TAB_START_ADDR                       0x08010cd8   Data           4  touchpadpic.o(.constdata)
    PIC_NUM_HALF                             0x08010cdc   Data           1  touchpadpic.o(.constdata)
    PIC_SIZE                                 0x08010cde   Data           2  touchpadpic.o(.constdata)
    PIC_TAB_AC_ADDR                          0x08010ce0   Data           4  touchpadpic.o(.constdata)
    PIC_NUM_AC                               0x08010ce4   Data           1  touchpadpic.o(.constdata)
    PIC_SIZE_AC                              0x08010ce6   Data           2  touchpadpic.o(.constdata)
    PIC_TAB_NUM_ADDR                         0x08010ce8   Data           4  touchpadpic.o(.constdata)
    PIC_NUM_NUM                              0x08010cec   Data           1  touchpadpic.o(.constdata)
    PIC_SIZE_NUM                             0x08010cee   Data           2  touchpadpic.o(.constdata)
    PIC_TAB_32x32_ADDR                       0x08010cf0   Data           4  touchpadpic.o(.constdata)
    PIC_NUM_32x32                            0x08010cf4   Data           1  touchpadpic.o(.constdata)
    PIC_SIZE_32x32                           0x08010cf6   Data           2  touchpadpic.o(.constdata)
    PicTab_Bat                               0x08010cf8   Data         246  touchpadpic.o(.constdata)
    PicPower                                 0x08010dee   Data         224  touchpadpic.o(.constdata)
    PicTab_Wind                              0x08010ece   Data          92  touchpadpic.o(.constdata)
    KeyAttrTab                               0x08010f3c   Data         380  keyexeattr.o(.constdata)
    HeadCMD                                  0x080110b8   Data           6  command.o(.constdata)
    TailCMD                                  0x080110be   Data           6  command.o(.constdata)
    SysAttrTable                             0x080110c4   Data         740  sysexeattr.o(.constdata)
    ShiftBit                                 0x080113a8   Data           4  dataencrypt.o(.constdata)
    DerictShift                              0x080113ac   Data           4  dataencrypt.o(.constdata)
    EncodeX                                  0x080113b0   Data           4  dataencrypt.o(.constdata)
    EncodeY                                  0x080113b4   Data           4  dataencrypt.o(.constdata)
    DevPivotalSet                            0x080113b8   Data          72  devparttab.o(.constdata)
    CRCTable                                 0x08011400   Data         512  crc.o(.constdata)
    Region$$Table$$Base                      0x08011600   Number         0  anon$$obj.o(Region$$Table)
    Region$$Table$$Limit                     0x08011620   Number         0  anon$$obj.o(Region$$Table)
    PLLMulTable                              0x20000000   Data           9  system_stm32l1xx.o(.data)
    AHBPrescTable                            0x20000009   Data          16  system_stm32l1xx.o(.data)
    TestRecFlag                              0x2000001f   Data           1  si4432.o(.data)
    Test                                     0x2000003c   Data           4  test.o(.data)
    gPowerPercent                            0x20000040   Data           1  battery.o(.data)
    gPowerLv                                 0x20000041   Data           1  battery.o(.data)
    gSleepFlag                               0x20000042   Data           1  lowpower.o(.data)
    gWukeUpForKey                            0x20000043   Data           1  lowpower.o(.data)
    gWukeUpForPassWord                       0x20000044   Data           1  lowpower.o(.data)
    STANDBY_TIME_COUNT                       0x20000046   Data           2  lowpower.o(.data)
    STANDBY_TIME_COUNT1                      0x20000048   Data           2  lowpower.o(.data)
    PicTab                                   0x2000004c   Data         192  touchpadpic.o(.data)
    PicTab_AC                                0x2000010c   Data          40  touchpadpic.o(.data)
    PicTab_NUM                               0x20000134   Data          40  touchpadpic.o(.data)
    PicTab_32x32                             0x2000015c   Data          20  touchpadpic.o(.data)
    gPassword                                0x20000171   Data           4  key.o(.data)
    gPswFlag                                 0x20000175   Data           1  key.o(.data)
    keyTemp                                  0x20000176   Data           2  key.o(.data)
    LedMapTab                                0x20000182   Data          17  showled.o(.data)
    gAirContionData                          0x20000199   Data           7  airconditionpad.o(.data)
    gUIMode                                  0x200001a0   Data           1  airconditionpad.o(.data)
    first_key                                0x200001a1   Data           1  keyexeattr.o(.data)
    UPDATA_LEVEL                             0x200001a4   Data           1  updata.o(.data)
    UpgradeAim                               0x200001a5   Data           1  updata.o(.data)
    UpgradePre                               0x200001a8   Data         264  updata.o(.data)
    DelayID                                  0x200002c8   Data           4  object.o(.data)
    Sign433_State                            0x200002cd   Data           1  sign433.o(.data)
    TestRecRSSI                              0x200002d0   Data         100  si4432.o(.bss)
    gUnitData                                0x20000334   Data          20  unitcfg.o(.bss)
    gKeyCh                                   0x20000348   Data          14  key.o(.bss)
    gKeyStatus                               0x20000356   Data          14  key.o(.bss)
    gKeyPrevState                            0x20000364   Data          16  key.o(.bss)
    gDeveceRelate                            0x200003aa   Data           9  airconditionpad.o(.bss)
    rcv433fifo                               0x200003b4   Data          16  cmdprocess.o(.bss)
    send433fifo                              0x200003c4   Data          16  cmdprocess.o(.bss)
    rcvBuf                                   0x200003d4   Data        1024  cmdprocess.o(.bss)
    rcv_433                                  0x20000bd4   Data         272  cmdprocess.o(.bss)
    send_433                                 0x20000ce4   Data         272  cmdprocess.o(.bss)
    rcv433_shortfifo                         0x20000df4   Data          16  cmdprocess.o(.bss)
    send433_shortfifo                        0x20000e04   Data          16  cmdprocess.o(.bss)
    rcvshortBuf                              0x20000e14   Data         128  cmdprocess.o(.bss)
    rcv_433short                             0x20000f14   Data         272  cmdprocess.o(.bss)
    send_433short                            0x20001024   Data         272  cmdprocess.o(.bss)
    propfifo                                 0x20001134   Data          16  linkscanfifo.o(.bss)
    propbuf                                  0x20001144   Data         128  linkscanfifo.o(.bss)
    IAP_FLAG                                 0x20001308   Data          16  updata.o(.bss)
    bootflag                                 0x20001318   Data          12  updata.o(.bss)
    RADIO_PARA                               0x20001324   Data          16  updata.o(.bss)
    gSysData                                 0x20001454   Data          31  userdata.o(.bss)
    UserDownload                             0x200017d4   Data         140  userdatadownload.o(.bss)
    gSign433Comm                             0x20001860   Data          12  sign433.o(.bss)
    ALink                                    0x2000186c   Data        1651  linksimplest.o(.bss)
    ALinkTime                                0x20001edf   Data         351  linksimplesttime.o(.bss)
    __libspace_start                         0x20002040   Data          96  libspace.o(.bss)
    __temporary_stack_top$libspace           0x200020a0   Data           0  libspace.o(.bss)



==============================================================================

Memory Map of the image

  Image Entry point : 0x080064f5

  Load Region LR_IROM1 (Base: 0x08006400, Size: 0x0000b4f0, Max: 0x00020000, ABSOLUTE, COMPRESSED[0x0000b338])

    Execution Region ER_IROM1 (Base: 0x08006400, Size: 0x0000b220, Max: 0x00020000, ABSOLUTE)

    Base Addr    Size         Type   Attr      Idx    E Section Name        Object

    0x08006400   0x000000f4   Data   RO           58    RESET               startup_stm32l1xx_md.o
    0x080064f4   0x00000008   Code   RO         1919  * !!!main             c_w.l(__main.o)
    0x080064fc   0x00000034   Code   RO         2127    !!!scatter          c_w.l(__scatter.o)
    0x08006530   0x0000005a   Code   RO         2125    !!dczerorl2         c_w.l(__dczerorl2.o)
    0x0800658a   0x00000002   PAD
    0x0800658c   0x0000001c   Code   RO         2129    !!handler_zi        c_w.l(__scatter_zi.o)
    0x080065a8   0x00000002   Code   RO         1995    .ARM.Collect$$libinit$$00000000  c_w.l(libinit.o)
    0x080065aa   0x00000000   Code   RO         2002    .ARM.Collect$$libinit$$00000002  c_w.l(libinit2.o)
    0x080065aa   0x00000000   Code   RO         2004    .ARM.Collect$$libinit$$00000004  c_w.l(libinit2.o)
    0x080065aa   0x00000000   Code   RO         2007    .ARM.Collect$$libinit$$0000000A  c_w.l(libinit2.o)
    0x080065aa   0x00000000   Code   RO         2009    .ARM.Collect$$libinit$$0000000C  c_w.l(libinit2.o)
    0x080065aa   0x00000000   Code   RO         2011    .ARM.Collect$$libinit$$0000000E  c_w.l(libinit2.o)
    0x080065aa   0x00000000   Code   RO         2014    .ARM.Collect$$libinit$$00000011  c_w.l(libinit2.o)
    0x080065aa   0x00000000   Code   RO         2016    .ARM.Collect$$libinit$$00000013  c_w.l(libinit2.o)
    0x080065aa   0x00000000   Code   RO         2018    .ARM.Collect$$libinit$$00000015  c_w.l(libinit2.o)
    0x080065aa   0x00000000   Code   RO         2020    .ARM.Collect$$libinit$$00000017  c_w.l(libinit2.o)
    0x080065aa   0x00000000   Code   RO         2022    .ARM.Collect$$libinit$$00000019  c_w.l(libinit2.o)
    0x080065aa   0x00000000   Code   RO         2024    .ARM.Collect$$libinit$$0000001B  c_w.l(libinit2.o)
    0x080065aa   0x00000000   Code   RO         2026    .ARM.Collect$$libinit$$0000001D  c_w.l(libinit2.o)
    0x080065aa   0x00000000   Code   RO         2028    .ARM.Collect$$libinit$$0000001F  c_w.l(libinit2.o)
    0x080065aa   0x00000000   Code   RO         2030    .ARM.Collect$$libinit$$00000021  c_w.l(libinit2.o)
    0x080065aa   0x00000000   Code   RO         2032    .ARM.Collect$$libinit$$00000023  c_w.l(libinit2.o)
    0x080065aa   0x00000000   Code   RO         2034    .ARM.Collect$$libinit$$00000025  c_w.l(libinit2.o)
    0x080065aa   0x00000000   Code   RO         2038    .ARM.Collect$$libinit$$0000002C  c_w.l(libinit2.o)
    0x080065aa   0x00000000   Code   RO         2040    .ARM.Collect$$libinit$$0000002E  c_w.l(libinit2.o)
    0x080065aa   0x00000000   Code   RO         2042    .ARM.Collect$$libinit$$00000030  c_w.l(libinit2.o)
    0x080065aa   0x00000000   Code   RO         2044    .ARM.Collect$$libinit$$00000032  c_w.l(libinit2.o)
    0x080065aa   0x00000002   Code   RO         2045    .ARM.Collect$$libinit$$00000033  c_w.l(libinit2.o)
    0x080065ac   0x00000002   Code   RO         2065    .ARM.Collect$$libshutdown$$00000000  c_w.l(libshutdown.o)
    0x080065ae   0x00000000   Code   RO         2078    .ARM.Collect$$libshutdown$$00000002  c_w.l(libshutdown2.o)
    0x080065ae   0x00000000   Code   RO         2080    .ARM.Collect$$libshutdown$$00000004  c_w.l(libshutdown2.o)
    0x080065ae   0x00000000   Code   RO         2083    .ARM.Collect$$libshutdown$$00000007  c_w.l(libshutdown2.o)
    0x080065ae   0x00000000   Code   RO         2086    .ARM.Collect$$libshutdown$$0000000A  c_w.l(libshutdown2.o)
    0x080065ae   0x00000000   Code   RO         2088    .ARM.Collect$$libshutdown$$0000000C  c_w.l(libshutdown2.o)
    0x080065ae   0x00000000   Code   RO         2091    .ARM.Collect$$libshutdown$$0000000F  c_w.l(libshutdown2.o)
    0x080065ae   0x00000002   Code   RO         2092    .ARM.Collect$$libshutdown$$00000010  c_w.l(libshutdown2.o)
    0x080065b0   0x00000000   Code   RO         1961    .ARM.Collect$$rtentry$$00000000  c_w.l(__rtentry.o)
    0x080065b0   0x00000000   Code   RO         1972    .ARM.Collect$$rtentry$$00000002  c_w.l(__rtentry2.o)
    0x080065b0   0x00000006   Code   RO         1984    .ARM.Collect$$rtentry$$00000004  c_w.l(__rtentry4.o)
    0x080065b6   0x00000000   Code   RO         1974    .ARM.Collect$$rtentry$$00000009  c_w.l(__rtentry2.o)
    0x080065b6   0x00000004   Code   RO         1975    .ARM.Collect$$rtentry$$0000000A  c_w.l(__rtentry2.o)
    0x080065ba   0x00000000   Code   RO         1977    .ARM.Collect$$rtentry$$0000000C  c_w.l(__rtentry2.o)
    0x080065ba   0x00000008   Code   RO         1978    .ARM.Collect$$rtentry$$0000000D  c_w.l(__rtentry2.o)
    0x080065c2   0x00000002   Code   RO         1999    .ARM.Collect$$rtexit$$00000000  c_w.l(rtexit.o)
    0x080065c4   0x00000000   Code   RO         2047    .ARM.Collect$$rtexit$$00000002  c_w.l(rtexit2.o)
    0x080065c4   0x00000004   Code   RO         2048    .ARM.Collect$$rtexit$$00000003  c_w.l(rtexit2.o)
    0x080065c8   0x00000006   Code   RO         2049    .ARM.Collect$$rtexit$$00000004  c_w.l(rtexit2.o)
    0x080065ce   0x00000002   PAD
    0x080065d0   0x00000022   Code   RO          336    .emb_text           sys.o
    0x080065f2   0x00000002   PAD
    0x080065f4   0x00000370   Code   RO            3    .text               system_stm32l1xx.o
    0x08006964   0x0000003c   Code   RO           59    .text               startup_stm32l1xx_md.o
    0x080069a0   0x00000002   Code   RO           65    .text               devicereset.o
    0x080069a2   0x00000002   PAD
    0x080069a4   0x00000140   Code   RO          118    .text               flash.o
    0x08006ae4   0x00000134   Code   RO          142    .text               gpio.o
    0x08006c18   0x000003b0   Code   RO          162    .text               i2c.o
    0x08006fc8   0x00000058   Code   RO          185    .text               instruct.o
    0x08007020   0x00000220   Code   RO          208    .text               program.o
    0x08007240   0x00000980   Code   RO          242    .text               si4432.o
    0x08007bc0   0x00000134   Code   RO          310    .text               spi.o
    0x08007cf4   0x000002c4   Code   RO          337    .text               sys.o
    0x08007fb8   0x00000108   Code   RO          363    .text               syshard.o
    0x080080c0   0x00000088   Code   RO          386    .text               systick.o
    0x08008148   0x00000020   Code   RO          408    .text               test.o
    0x08008168   0x00000130   Code   RO          441    .text               usart.o
    0x08008298   0x0000000c   Code   RO          464    .text               wdg.o
    0x080082a4   0x000001dc   Code   RO          487    .text               adc.o
    0x08008480   0x000002d4   Code   RO          510    .text               battery.o
    0x08008754   0x000000e0   Code   RO          541    .text               batteryexeattr.o
    0x08008834   0x0000016c   Code   RO          590    .text               lowpower.o
    0x080089a0   0x0000005c   Code   RO          637    .text               main.o
    0x080089fc   0x00000040   Code   RO          671    .text               unitcfg.o
    0x08008a3c   0x000003a0   Code   RO          732    .text               iic.o
    0x08008ddc   0x00000068   Code   RO          785    .text               wtc6216.o
    0x08008e44   0x0000050c   Code   RO          808    .text               oled.o
    0x08009350   0x00000134   Code   RO          834    .text               74hc595.o
    0x08009484   0x00000120   Code   RO          888    .text               queue.o
    0x080095a4   0x000000bc   Code   RO          905    .text               timx.o
    0x08009660   0x0000006c   Code   RO          929    .text               extix.o
    0x080096cc   0x0000054c   Code   RO          952    .text               key.o
    0x08009c18   0x00000248   Code   RO         1004    .text               showled.o
    0x08009e60   0x000005b4   Code   RO         1028    .text               airconditionpad.o
    0x0800a414   0x0000044c   Code   RO         1061    .text               keyexeattr.o
    0x0800a860   0x00000100   Code   RO         1090    .text               BestFu_STM32L15X_L10200.lib(bestfulib.o)
    0x0800a960   0x0000034c   Code   RO         1105    .text               BestFu_STM32L15X_L10200.lib(cmdprocess.o)
    0x0800acac   0x0000032c   Code   RO         1179    .text               BestFu_STM32L15X_L10200.lib(command.o)
    0x0800afd8   0x00000034   Code   RO         1202    .text               BestFu_STM32L15X_L10200.lib(delay.o)
    0x0800b00c   0x00000166   Code   RO         1251    .text               BestFu_STM32L15X_L10200.lib(eeprom.o)
    0x0800b172   0x00000002   PAD
    0x0800b174   0x00000050   Code   RO         1281    .text               BestFu_STM32L15X_L10200.lib(faultmanage.o)
    0x0800b1c4   0x00000296   Code   RO         1299    .text               BestFu_STM32L15X_L10200.lib(fifo.o)
    0x0800b45a   0x00000002   PAD
    0x0800b45c   0x000000a0   Code   RO         1311    .text               BestFu_STM32L15X_L10200.lib(linkscanfifo.o)
    0x0800b4fc   0x00000190   Code   RO         1352    .text               BestFu_STM32L15X_L10200.lib(msgpackage.o)
    0x0800b68c   0x00000a9c   Code   RO         1370    .text               BestFu_STM32L15X_L10200.lib(sysexeattr.o)
    0x0800c128   0x0000032c   Code   RO         1419    .text               BestFu_STM32L15X_L10200.lib(thread.o)
    0x0800c454   0x00000318   Code   RO         1435    .text               BestFu_STM32L15X_L10200.lib(updata.o)
    0x0800c76c   0x0000024c   Code   RO         1463    .text               BestFu_STM32L15X_L10200.lib(upload.o)
    0x0800c9b8   0x00000c2c   Code   RO         1480    .text               BestFu_STM32L15X_L10200.lib(userdata.o)
    0x0800d5e4   0x000001a8   Code   RO         1515    .text               BestFu_STM32L15X_L10200.lib(sign433attr.o)
    0x0800d78c   0x000003bc   Code   RO         1552    .text               BestFu_STM32L15X_L10200.lib(dataencrypt.o)
    0x0800db48   0x000000b0   Code   RO         1582    .text               BestFu_STM32L15X_L10200.lib(devparttab.o)
    0x0800dbf8   0x00000070   Code   RO         1607    .text               BestFu_STM32L15X_L10200.lib(crc.o)
    0x0800dc68   0x00000230   Code   RO         1624    .text               BestFu_STM32L15X_L10200.lib(flashattr.o)
    0x0800de98   0x000002d0   Code   RO         1642    .text               BestFu_STM32L15X_L10200.lib(linksrc.o)
    0x0800e168   0x00000510   Code   RO         1654    .text               BestFu_STM32L15X_L10200.lib(linkwrdc.o)
    0x0800e678   0x00000658   Code   RO         1675    .text               BestFu_STM32L15X_L10200.lib(object.o)
    0x0800ecd0   0x000002c0   Code   RO         1713    .text               BestFu_STM32L15X_L10200.lib(scene&group.o)
    0x0800ef90   0x00000064   Code   RO         1744    .text               BestFu_STM32L15X_L10200.lib(systestattr.o)
    0x0800eff4   0x0000029c   Code   RO         1770    .text               BestFu_STM32L15X_L10200.lib(unitshare_attr.o)
    0x0800f290   0x000001b0   Code   RO         1784    .text               BestFu_STM32L15X_L10200.lib(userdatadownload.o)
    0x0800f440   0x000000b8   Code   RO         1808    .text               BestFu_STM32L15X_L10200.lib(sign433.o)
    0x0800f4f8   0x00000168   Code   RO         1830    .text               BestFu_STM32L15X_L10200.lib(deviceidsetattr.o)
    0x0800f660   0x00000324   Code   RO         1855    .text               BestFu_STM32L15X_L10200.lib(linksimplest.o)
    0x0800f984   0x000002a0   Code   RO         1879    .text               BestFu_STM32L15X_L10200.lib(linksimplesttime.o)
    0x0800fc24   0x000001c0   Code   RO         1901    .text               BestFu_STM32L15X_L10200.lib(timehandle.o)
    0x0800fde4   0x0000004e   Code   RO         1915    .text               c_w.l(rt_memclr_w.o)
    0x0800fe32   0x00000006   Code   RO         1917    .text               c_w.l(heapauxi.o)
    0x0800fe38   0x0000004a   Code   RO         1986    .text               c_w.l(sys_stackheap_outer.o)
    0x0800fe82   0x00000012   Code   RO         1988    .text               c_w.l(exit.o)
    0x0800fe94   0x00000008   Code   RO         1996    .text               c_w.l(libspace.o)
    0x0800fe9c   0x0000000c   Code   RO         2057    .text               c_w.l(sys_exit.o)
    0x0800fea8   0x00000002   Code   RO         2068    .text               c_w.l(use_no_semi.o)
    0x0800feaa   0x00000000   Code   RO         2070    .text               c_w.l(indicate_semi.o)
    0x0800feaa   0x00000002   PAD
    0x0800feac   0x00000040   Code   RO         1728    i.DecryptionFlash   BestFu_STM32L15X_L10200.lib(scene&group.o)
    0x0800feec   0x00000150   Code   RO         1921    x$fpl$dadd          fz_ws.l(daddsub_clz.o)
    0x0801003c   0x0000005a   Code   RO         1927    x$fpl$dfixu         fz_ws.l(dfixu.o)
    0x08010096   0x0000002e   Code   RO         1932    x$fpl$dflt          fz_ws.l(dflt_clz.o)
    0x080100c4   0x00000026   Code   RO         1931    x$fpl$dfltu         fz_ws.l(dflt_clz.o)
    0x080100ea   0x00000002   PAD
    0x080100ec   0x00000154   Code   RO         1937    x$fpl$dmul          fz_ws.l(dmul.o)
    0x08010240   0x0000009c   Code   RO         1962    x$fpl$dnaninf       fz_ws.l(dnaninf.o)
    0x080102dc   0x0000000c   Code   RO         1964    x$fpl$dretinf       fz_ws.l(dretinf.o)
    0x080102e8   0x000001d4   Code   RO         1923    x$fpl$dsub          fz_ws.l(daddsub_clz.o)
    0x080104bc   0x00000000   Code   RO         1970    x$fpl$usenofp       fz_ws.l(usenofp.o)
    0x080104bc   0x00000008   Data   RO          209    .constdata          program.o
    0x080104c4   0x0000001e   Data   RO          244    .constdata          si4432.o
    0x080104e2   0x00000016   Data   RO          511    .constdata          battery.o
    0x080104f8   0x00000028   Data   RO          673    .constdata          unitcfg.o
    0x08010520   0x000007b7   Data   RO          809    .constdata          oled.o
    0x08010cd7   0x00000001   PAD
    0x08010cd8   0x00000252   Data   RO          852    .constdata          touchpadpic.o
    0x08010f2a   0x00000011   Data   RO          954    .constdata          key.o
    0x08010f3b   0x00000001   PAD
    0x08010f3c   0x0000017c   Data   RO         1062    .constdata          keyexeattr.o
    0x080110b8   0x0000000c   Data   RO         1180    .constdata          BestFu_STM32L15X_L10200.lib(command.o)
    0x080110c4   0x000002e4   Data   RO         1371    .constdata          BestFu_STM32L15X_L10200.lib(sysexeattr.o)
    0x080113a8   0x00000010   Data   RO         1553    .constdata          BestFu_STM32L15X_L10200.lib(dataencrypt.o)
    0x080113b8   0x00000048   Data   RO         1583    .constdata          BestFu_STM32L15X_L10200.lib(devparttab.o)
    0x08011400   0x00000200   Data   RO         1608    .constdata          BestFu_STM32L15X_L10200.lib(crc.o)
    0x08011600   0x00000020   Data   RO         2123    Region$$Table       anon$$obj.o


    Execution Region RW_IRAM1 (Base: 0x20000000, Size: 0x00002ca0, Max: 0x00004000, ABSOLUTE, COMPRESSED[0x00000118])

    Base Addr    Size         Type   Attr      Idx    E Section Name        Object

    0x20000000   0x00000019   Data   RW            4    .data               system_stm32l1xx.o
    0x20000019   0x00000003   PAD
    0x2000001c   0x00000018   Data   RW          245    .data               si4432.o
    0x20000034   0x00000008   Data   RW          387    .data               systick.o
    0x2000003c   0x00000004   Data   RW          409    .data               test.o
    0x20000040   0x00000002   Data   RW          512    .data               battery.o
    0x20000042   0x0000000a   Data   RW          591    .data               lowpower.o
    0x2000004c   0x00000124   Data   RW          853    .data               touchpadpic.o
    0x20000170   0x00000001   Data   RW          906    .data               timx.o
    0x20000171   0x0000000e   Data   RW          955    .data               key.o
    0x2000017f   0x00000001   PAD
    0x20000180   0x00000019   Data   RW         1006    .data               showled.o
    0x20000199   0x00000008   Data   RW         1030    .data               airconditionpad.o
    0x200001a1   0x00000001   Data   RW         1063    .data               keyexeattr.o
    0x200001a2   0x00000002   PAD
    0x200001a4   0x0000010c   Data   RW         1437    .data               BestFu_STM32L15X_L10200.lib(updata.o)
    0x200002b0   0x00000001   Data   RW         1465    .data               BestFu_STM32L15X_L10200.lib(upload.o)
    0x200002b1   0x00000003   PAD
    0x200002b4   0x00000005   Data   RW         1482    .data               BestFu_STM32L15X_L10200.lib(userdata.o)
    0x200002b9   0x00000008   Data   RW         1554    .data               BestFu_STM32L15X_L10200.lib(dataencrypt.o)
    0x200002c1   0x00000003   PAD
    0x200002c4   0x00000004   Data   RW         1584    .data               BestFu_STM32L15X_L10200.lib(devparttab.o)
    0x200002c8   0x00000005   Data   RW         1677    .data               BestFu_STM32L15X_L10200.lib(object.o)
    0x200002cd   0x00000002   Data   RW         1810    .data               BestFu_STM32L15X_L10200.lib(sign433.o)
    0x200002cf   0x00000001   PAD
    0x200002d0   0x00000064   Zero   RW          243    .bss                si4432.o
    0x20000334   0x00000014   Zero   RW          672    .bss                unitcfg.o
    0x20000348   0x00000062   Zero   RW          953    .bss                key.o
    0x200003aa   0x00000009   Zero   RW         1029    .bss                airconditionpad.o
    0x200003b3   0x00000001   PAD
    0x200003b4   0x00000d80   Zero   RW         1106    .bss                BestFu_STM32L15X_L10200.lib(cmdprocess.o)
    0x20001134   0x00000090   Zero   RW         1312    .bss                BestFu_STM32L15X_L10200.lib(linkscanfifo.o)
    0x200011c4   0x00000144   Zero   RW         1420    .bss                BestFu_STM32L15X_L10200.lib(thread.o)
    0x20001308   0x0000002c   Zero   RW         1436    .bss                BestFu_STM32L15X_L10200.lib(updata.o)
    0x20001334   0x00000120   Zero   RW         1464    .bss                BestFu_STM32L15X_L10200.lib(upload.o)
    0x20001454   0x0000023f   Zero   RW         1481    .bss                BestFu_STM32L15X_L10200.lib(userdata.o)
    0x20001693   0x00000001   PAD
    0x20001694   0x00000140   Zero   RW         1676    .bss                BestFu_STM32L15X_L10200.lib(object.o)
    0x200017d4   0x0000008c   Zero   RW         1785    .bss                BestFu_STM32L15X_L10200.lib(userdatadownload.o)
    0x20001860   0x0000000c   Zero   RW         1809    .bss                BestFu_STM32L15X_L10200.lib(sign433.o)
    0x2000186c   0x00000673   Zero   RW         1856    .bss                BestFu_STM32L15X_L10200.lib(linksimplest.o)
    0x20001edf   0x0000015f   Zero   RW         1880    .bss                BestFu_STM32L15X_L10200.lib(linksimplesttime.o)
    0x2000203e   0x00000002   PAD
    0x20002040   0x00000060   Zero   RW         1997    .bss                c_w.l(libspace.o)
    0x200020a0   0x00000000   Zero   RW           57    HEAP                startup_stm32l1xx_md.o
    0x200020a0   0x00000c00   Zero   RW           56    STACK               startup_stm32l1xx_md.o


==============================================================================

Image component sizes


      Code (inc. data)   RO Data    RW Data    ZI Data      Debug   Object Name

       308          0          0          0          0       1034   74hc595.o
       476         16          0          0          0       2149   adc.o
      1460         70          0          8          9       4329   airconditionpad.o
       724         14         22          2          0       4320   battery.o
       224         20          0          0          0       8347   batteryexeattr.o
         2          0          0          0          0       7659   devicereset.o
       108          4          0          0          0        914   extix.o
       320         22          0          0          0       3659   flash.o
       308         10          0          0          0       2294   gpio.o
       944          0          0          0          0       3953   i2c.o
       928          6          0          0          0       3564   iic.o
        88          6          0          0          0        910   instruct.o
      1356        140         17         14         98       6007   key.o
      1100         68        380          1          0       6262   keyexeattr.o
       364         54          0         10          0      26715   lowpower.o
        92         18          0          0          0        603   main.o
      1292         16       1975          0          0       6587   oled.o
       544         32          8          0          0       4221   program.o
       288          0          0          0          0       2544   queue.o
       584         32          0         25          0       3231   showled.o
      2432        116         30         24        100       9043   si4432.o
       308         10          0          0          0       1232   spi.o
        60         22        244          0       3072        876   startup_stm32l1xx_md.o
       742         50          0          0          0       3910   sys.o
       264         22          0          0          0       1066   syshard.o
       880         44          0         25          0     192622   system_stm32l1xx.o
       136         14          0          8          0       1535   systick.o
        32          4          0          4          0        895   test.o
       188         10          0          1          0       1863   timx.o
         0          0        594        292          0       1629   touchpadpic.o
        64          8         40          0         20       3616   unitcfg.o
       304         18          0          0          0       1959   usart.o
        12          0          0          0          0       1477   wdg.o
       104          6          0          0          0       1179   wtc6216.o

    ----------------------------------------------------------------------
     17040        852       3344        420       3300     322204   Object Totals
         0          0         32          0          0          0   (incl. Generated)
         4          0          2          6          1          0   (incl. Padding)

    ----------------------------------------------------------------------

      Code (inc. data)   RO Data    RW Data    ZI Data      Debug   Library Member Name

       256          0          0          0          0       2522   bestfulib.o
       844        100          0          0       3456      14702   cmdprocess.o
       812          8         12          0          0       3449   command.o
       112          4        512          0          0       1719   crc.o
       956         24         16          8          0       3753   dataencrypt.o
        52          0          0          0          0        716   delay.o
       360         24          0          0          0       2390   deviceidsetattr.o
       176         14         72          4          0       2445   devparttab.o
       358          0          0          0          0       2703   eeprom.o
        80          6          0          0          0       1251   faultmanage.o
       662          0          0          0          0       4210   fifo.o
       560         18          0          0          0       3555   flashattr.o
       160         14          0          0        144       4262   linkscanfifo.o
       804         10          0          0       1651       5406   linksimplest.o
       672          8          0          0        351       4844   linksimplesttime.o
       720         34          0          0          0       2709   linksrc.o
      1296         10          0          0          0       9356   linkwrdc.o
       400         12          0          0          0       2812   msgpackage.o
      1624         48          0          5        320       5472   object.o
       768         14          0          0          0       3400   scene&group.o
       184         10          0          2         12       2541   sign433.o
       424         26          0          0          0       9045   sign433attr.o
      2716         24        740          0          0      15834   sysexeattr.o
       100         16          0          0          0        778   systestattr.o
       812          4          0          0        324       3549   thread.o
       448          0          0          0          0       2317   timehandle.o
       668          8          0          0          0       2919   unitshare_attr.o
       792         32          0        268         44       5208   updata.o
       588         18          0          1        288       2614   upload.o
      3116         52          0          5        575      16308   userdata.o
       432         16          0          0        140       2425   userdatadownload.o
        90          0          0          0          0          0   __dczerorl2.o
         8          0          0          0          0         68   __main.o
         0          0          0          0          0          0   __rtentry.o
        12          0          0          0          0          0   __rtentry2.o
         6          0          0          0          0          0   __rtentry4.o
        52          8          0          0          0          0   __scatter.o
        28          0          0          0          0          0   __scatter_zi.o
        18          0          0          0          0         80   exit.o
         6          0          0          0          0        152   heapauxi.o
         0          0          0          0          0          0   indicate_semi.o
         2          0          0          0          0          0   libinit.o
         2          0          0          0          0          0   libinit2.o
         2          0          0          0          0          0   libshutdown.o
         2          0          0          0          0          0   libshutdown2.o
         8          4          0          0         96         68   libspace.o
        78          0          0          0          0         80   rt_memclr_w.o
         2          0          0          0          0          0   rtexit.o
        10          0          0          0          0          0   rtexit2.o
        12          4          0          0          0         68   sys_exit.o
        74          0          0          0          0         80   sys_stackheap_outer.o
         2          0          0          0          0         68   use_no_semi.o
       804         16          0          0          0        272   daddsub_clz.o
        90          4          0          0          0         92   dfixu.o
        84          0          0          0          0        136   dflt_clz.o
       340         12          0          0          0        104   dmul.o
       156          4          0          0          0         92   dnaninf.o
        12          0          0          0          0         68   dretinf.o
         0          0          0          0          0          0   usenofp.o

    ----------------------------------------------------------------------
     23864        606       1352        300       7404     146642   Library Totals
        12          0          0          7          3          0   (incl. Padding)

    ----------------------------------------------------------------------

      Code (inc. data)   RO Data    RW Data    ZI Data      Debug   Library Name

     21952        554       1352        293       7305     145214   BestFu_STM32L15X_L10200.lib
       414         16          0          0         96        664   c_w.l
      1486         36          0          0          0        764   fz_ws.l

    ----------------------------------------------------------------------
     23864        606       1352        300       7404     146642   Library Totals

    ----------------------------------------------------------------------

==============================================================================


      Code (inc. data)   RO Data    RW Data    ZI Data      Debug   

     40904       1458       4696        720      10704     463434   Grand Totals
     40904       1458       4696        280      10704     463434   ELF Image Totals (compressed)
     40904       1458       4696        280          0          0   ROM Totals

==============================================================================

    Total RO  Size (Code + RO Data)                45600 (  44.53kB)
    Total RW  Size (RW Data + ZI Data)             11424 (  11.16kB)
    Total ROM Size (Code + RO Data + RW Data)      45880 (  44.80kB)

==============================================================================

