Component: ARM Compiler 5.06 update 2 (build 183) Tool: armlink [4d35b7]

==============================================================================

Section Cross References

    system_stm32l1xx.o(.text) refers to system_stm32l1xx.o(.data) for SystemCoreClock
    startup_stm32l1xx_md.o(STACK) refers (Special) to heapauxi.o(.text) for __use_two_region_memory
    startup_stm32l1xx_md.o(HEAP) refers (Special) to heapauxi.o(.text) for __use_two_region_memory
    startup_stm32l1xx_md.o(RESET) refers (Special) to heapauxi.o(.text) for __use_two_region_memory
    startup_stm32l1xx_md.o(RESET) refers to startup_stm32l1xx_md.o(STACK) for __initial_sp
    startup_stm32l1xx_md.o(RESET) refers to startup_stm32l1xx_md.o(.text) for Reset_Handler
    startup_stm32l1xx_md.o(RESET) refers to systick.o(.text) for SysTick_Handler
    startup_stm32l1xx_md.o(RESET) refers to lowpower.o(.text) for EXTI0_IRQHandler
    startup_stm32l1xx_md.o(RESET) refers to usart.o(.text) for USART1_IRQHandler
    startup_stm32l1xx_md.o(RESET) refers to si4432.o(.text) for EXTI15_10_IRQHandler
    startup_stm32l1xx_md.o(.text) refers (Special) to heapauxi.o(.text) for __use_two_region_memory
    startup_stm32l1xx_md.o(.text) refers to system_stm32l1xx.o(.text) for SystemInit
    startup_stm32l1xx_md.o(.text) refers to __main.o(!!!main) for __main
    startup_stm32l1xx_md.o(.text) refers to startup_stm32l1xx_md.o(HEAP) for Heap_Mem
    startup_stm32l1xx_md.o(.text) refers to startup_stm32l1xx_md.o(STACK) for Stack_Mem
    cmdprocess.o(.text) refers to command.o(.text) for cmd_get_data
    cmdprocess.o(.text) refers to unitcfg.o(.text) for UnitCnt_Get
    cmdprocess.o(.text) refers to upload.o(.text) for Upload
    cmdprocess.o(.text) refers to bestfulib.o(.text) for memmove
    cmdprocess.o(.text) refers to object.o(.text) for Object_Check
    cmdprocess.o(.text) refers to lowpower.o(.text) for StandbyCountReset
    cmdprocess.o(.text) refers to instruct.o(.text) for Instruct
    cmdprocess.o(.text) refers to msgpackage.o(.text) for Msg_Feedback
    cmdprocess.o(.text) refers to fifo.o(.text) for fifo_Init
    cmdprocess.o(.text) refers to thread.o(.text) for Thread_Login
    cmdprocess.o(.text) refers to object.o(.data) for DelayID
    cmdprocess.o(.text) refers to userdata.o(.bss) for gSysData
    cmdprocess.o(.text) refers to cmdprocess.o(.bss) for send_433
    cmdprocess.o(.text) refers to unitcfg.o(.constdata) for UnitTab
    cmdprocess.o(.text) refers to unitcfg.o(.bss) for gUnitData
    cmdprocess.o(.text) refers to si4432.o(.text) for Si4432_Send
    command.o(.text) refers to fifo.o(.text) for fifo_empty
    command.o(.text) refers to crc.o(.text) for ChkCrcValue
    command.o(.text) refers to bestfulib.o(.text) for memcmp
    command.o(.text) refers to command.o(.constdata) for HeadCMD
    command.o(.text) refers to command.o(.data) for MemoryTab
    command.o(.text) refers to command.o(.bss) for EmerMsgFlag
    crc.o(.text) refers to crc.o(.constdata) for CRCTable
    delay.o(.text) refers to wdg.o(.text) for WDG_Feed
    eeprom.o(.text) refers to i2c.o(.text) for IIC_Read
    eeprom.o(.text) refers to faultmanage.o(.text) for Fault_Upload
    faultmanage.o(.text) refers to upload.o(.text) for Upload_Fault
    faultmanage.o(.text) refers to thread.o(.text) for Thread_Logout
    faultmanage.o(.text) refers to wdg.o(.text) for WDG_FeedOFF
    faultmanage.o(.text) refers to userdata.o(.text) for FaultData_Save
    faultmanage.o(.text) refers to instruct.o(.text) for Instruct_Run
    fifo.o(.text) refers to bestfulib.o(.text) for memcpy
    flashattr.o(.text) refers to updata.o(.text) for Updata_Check
    flashattr.o(.text) refers to wdg.o(.text) for WDG_Feed
    flashattr.o(.text) refers to thread.o(.text) for Thread_Login
    flashattr.o(.text) refers to flashattr.o(.data) for Version
    flashattr.o(.text) refers to si4432.o(.text) for Si4432_Init
    linkscanfifo.o(.text) refers to fifo.o(.text) for fifo_Init
    linkscanfifo.o(.text) refers to linksrc.o(.text) for LinkSrcExe
    linkscanfifo.o(.text) refers to thread.o(.text) for Thread_Login
    linkscanfifo.o(.text) refers to upload.o(.text) for Upload
    linkscanfifo.o(.text) refers to linkscanfifo.o(.bss) for propbuf
    linkscanfifo.o(.text) refers to unitcfg.o(.bss) for gUnitData
    linksimplest.o(.text) refers to eeprom.o(.text) for WriteDataToEEPROM
    linksimplest.o(.text) refers to bestfulib.o(.text) for memset
    linksimplest.o(.text) refers to linksimplest.o(.bss) for ALink
    linksrc.o(.text) refers to linksimplest.o(.text) for ALinkInit
    linksrc.o(.text) refers to msgpackage.o(.text) for Msg_Send
    linksrc.o(.text) refers to linksimplest.o(.bss) for ALink
    linkwrdc.o(.text) refers to linksimplest.o(.text) for CheckALinkFull
    linkwrdc.o(.text) refers to bestfulib.o(.text) for memset
    linkwrdc.o(.text) refers to eeprom.o(.text) for WriteDataToEEPROM
    linkwrdc.o(.text) refers to linksimplest.o(.bss) for ALink
[...]
    .text                                    0x08011c68   Section        0  systick.o(.text)
    .text                                    0x08011d6c   Section        0  test.o(.text)
    .text                                    0x08011dc4   Section        0  usart.o(.text)
    .text                                    0x08011ee8   Section        0  wdg.o(.text)
    .text                                    0x08011f3c   Section        0  adc.o(.text)
    ADC_PortInit                             0x08011f3d   Thumb Code    52  adc.o(.text)
    .text                                    0x08012118   Section        0  battery.o(.text)
    .text                                    0x080123ec   Section        0  batteryexeattr.o(.text)
    .text                                    0x080124cc   Section        0  lowpower.o(.text)
    .text                                    0x08012634   Section        0  flashsizeflag.o(.text)
    .text                                    0x08012644   Section        0  main.o(.text)
    .text                                    0x080126ac   Section        0  unitcfg.o(.text)
    .text                                    0x080126e8   Section        0  iic.o(.text)
    IIC_delay                                0x080126e9   Thumb Code     2  iic.o(.text)
    .text                                    0x08012a88   Section        0  wtc6216.o(.text)
    .text                                    0x08012ac0   Section        0  oled.o(.text)
    .text                                    0x08012fcc   Section        0  74hc595.o(.text)
    .text                                    0x08013100   Section        0  queue.o(.text)
    IsFull                                   0x08013123   Thumb Code    30  queue.o(.text)
    IsEmpty                                  0x08013141   Thumb Code    18  queue.o(.text)
    .text                                    0x080131fc   Section        0  iwdg.o(.text)
    .text                                    0x08013228   Section        0  airconditionpad.o(.text)
    AirCondition_CMDSend                     0x080133a1   Thumb Code    76  airconditionpad.o(.text)
    .text                                    0x08013804   Section        0  key.o(.text)
    .text                                    0x08013d2c   Section        0  showled.o(.text)
    .text                                    0x08013f74   Section        0  keyexeattr.o(.text)
    .text                                    0x080142f0   Section       78  rt_memclr_w.o(.text)
    .text                                    0x0801433e   Section        0  heapauxi.o(.text)
    .text                                    0x08014344   Section       74  sys_stackheap_outer.o(.text)
    .text                                    0x0801438e   Section        0  exit.o(.text)
    .text                                    0x080143a0   Section        8  libspace.o(.text)
    .text                                    0x080143a8   Section        0  sys_exit.o(.text)
    .text                                    0x080143b4   Section        2  use_no_semi.o(.text)
    .text                                    0x080143b6   Section        0  indicate_semi.o(.text)
    x$fpl$dadd                               0x080143b8   Section      336  daddsub_clz.o(x$fpl$dadd)
    _dadd1                                   0x080143c9   Thumb Code     0  daddsub_clz.o(x$fpl$dadd)
    x$fpl$dfixu                              0x08014508   Section       90  dfixu.o(x$fpl$dfixu)
    x$fpl$dfltu                              0x08014562   Section       38  dflt_clz.o(x$fpl$dfltu)
    x$fpl$dmul                               0x08014588   Section      340  dmul.o(x$fpl$dmul)
    x$fpl$dnaninf                            0x080146dc   Section      156  dnaninf.o(x$fpl$dnaninf)
    x$fpl$dretinf                            0x08014778   Section       12  dretinf.o(x$fpl$dretinf)
    x$fpl$dsub                               0x08014784   Section      468  daddsub_clz.o(x$fpl$dsub)
    _dsub1                                   0x08014795   Thumb Code     0  daddsub_clz.o(x$fpl$dsub)
    .constdata                               0x08014958   Section       12  command.o(.constdata)
    x$fpl$usenofp                            0x08014958   Section        0  usenofp.o(x$fpl$usenofp)
    .constdata                               0x08014964   Section      512  crc.o(.constdata)
    .constdata                               0x08014b64   Section      496  sysexeattr.o(.constdata)
    .constdata                               0x08014d54   Section       30  si4432.o(.constdata)
    randWait_Tab                             0x08014d6a   Data           8  si4432.o(.constdata)
    .constdata                               0x08014d72   Section       22  battery.o(.constdata)
    .constdata                               0x08014d88   Section       23  flashsizeflag.o(.constdata)
    .constdata                               0x08014da0   Section       32  unitcfg.o(.constdata)
    .constdata                               0x08014dc0   Section      871  oled.o(.constdata)
    .constdata                               0x08015128   Section      594  touchpadpic.o(.constdata)
    .constdata                               0x0801537a   Section       21  key.o(.constdata)
    .constdata                               0x08015390   Section      208  keyexeattr.o(.constdata)
    .data                                    0x20000000   Section       29  system_stm32l1xx.o(.data)
    .data                                    0x20000020   Section      100  command.o(.data)
    gSendBufUseFlag                          0x20000020   Data           3  command.o(.data)
    MemoryTab                                0x20000024   Data          96  command.o(.data)
    .data                                    0x20000084   Section        2  flashattr.o(.data)
    UPDATA_LEVEL                             0x20000084   Data           1  flashattr.o(.data)
    Version                                  0x20000085   Data           1  flashattr.o(.data)
    .data                                    0x20000088   Section        5  object.o(.data)
    seat                                     0x2000008c   Data           1  object.o(.data)
    .data                                    0x2000008d   Section        2  sign433.o(.data)
    SendCount                                0x2000008e   Data           1  sign433.o(.data)
    .data                                    0x2000008f   Section        2  updata.o(.data)
    .data                                    0x20000091   Section        1  upload.o(.data)
    Fault                                    0x20000091   Data           1  upload.o(.data)
    .data                                    0x20000092   Section        1  userdata.o(.data)
    cnt                                      0x20000092   Data           1  userdata.o(.data)
    .data                                    0x20000094   Section       10  si4432.o(.data)
    SI4432_RSSI                              0x20000094   Data           1  si4432.o(.data)
    SI4432SendEn                             0x20000095   Data           1  si4432.o(.data)
    seat                                     0x20000097   Data           1  si4432.o(.data)
    busyTime                                 0x20000098   Data           2  si4432.o(.data)
    idleTime                                 0x2000009a   Data           2  si4432.o(.data)
    rand                                     0x2000009c   Data           2  si4432.o(.data)
    .data                                    0x200000a0   Section        6  systick.o(.data)
    timer                                    0x200000a0   Data           4  systick.o(.data)
    KeyCount                                 0x200000a4   Data           1  systick.o(.data)
    FisrtFlag                                0x200000a5   Data           1  systick.o(.data)
    .data                                    0x200000a8   Section        4  test.o(.data)
    .data                                    0x200000ac   Section        2  battery.o(.data)
    .data                                    0x200000ae   Section        3  lowpower.o(.data)
    LowPowerTimeCount                        0x200000ae   Data           2  lowpower.o(.data)
    .data                                    0x200000b1   Section        2  main.o(.data)
    .data                                    0x200000b4   Section      184  touchpadpic.o(.data)
    .data                                    0x2000016c   Section        8  airconditionpad.o(.data)
    .data                                    0x20000174   Section       24  key.o(.data)
    NewKey                                   0x20000174   Data           1  key.o(.data)
    OldKey                                   0x20000175   Data           1  key.o(.data)
    LstKey                                   0x20000176   Data           1  key.o(.data)
    LongKeyCount                             0x20000178   Data           2  key.o(.data)
    FirstPassWord                            0x20000184   Data           1  key.o(.data)
    MidValidKey                              0x20000189   Data           1  key.o(.data)
    MidValidKey                              0x2000018a   Data           1  key.o(.data)
    FirstFlag                                0x2000018b   Data           1  key.o(.data)
    .data                                    0x2000018c   Section       25  showled.o(.data)
    gSeat                                    0x2000018c   Data           1  showled.o(.data)
    gStep                                    0x2000018d   Data           1  showled.o(.data)
    a                                        0x2000019f   Data           1  showled.o(.data)
    lightState                               0x200001a0   Data           2  showled.o(.data)
    left_seat                                0x200001a2   Data           1  showled.o(.data)
    right_seat                               0x200001a3   Data           1  showled.o(.data)
    count                                    0x200001a4   Data           1  showled.o(.data)
    .bss                                     0x200001a8   Section     1568  cmdprocess.o(.bss)
    .bss                                     0x200007c8   Section     1972  command.o(.bss)
    sendBuf                                  0x200007c8   Data        1900  command.o(.bss)
    EmerMsgFlag                              0x20000f34   Data          24  command.o(.bss)
    LinkMsgFlag                              0x20000f4c   Data          24  command.o(.bss)
    UpdataMsgFlag                            0x20000f64   Data          24  command.o(.bss)
    .bss                                     0x20000f7c   Section      144  linkscanfifo.o(.bss)
    .bss                                     0x2000100c   Section     1651  linksimplest.o(.bss)
    .bss                                     0x20001680   Section      320  object.o(.bss)
    .bss                                     0x200017c0   Section      112  sign433.o(.bss)
    .bss                                     0x20001830   Section      244  thread.o(.bss)
    thread                                   0x20001830   Data         244  thread.o(.bss)
    .bss                                     0x20001924   Section      272  updata.o(.bss)
    .bss                                     0x20001a34   Section       30  userdata.o(.bss)
    .bss                                     0x20001a54   Section      140  userdatadownload.o(.bss)
    .bss                                     0x20001ae0   Section      100  si4432.o(.bss)
    .bss                                     0x20001b44   Section       16  unitcfg.o(.bss)
    .bss                                     0x20001b54   Section        9  airconditionpad.o(.bss)
    .bss                                     0x20001b5d   Section       42  key.o(.bss)
    .bss                                     0x20001b88   Section       96  libspace.o(.bss)
    HEAP                                     0x20001be8   Section      512  startup_stm32l1xx_md.o(HEAP)
    Heap_Mem                                 0x20001be8   Data         512  startup_stm32l1xx_md.o(HEAP)
    STACK                                    0x20001de8   Section     2048  startup_stm32l1xx_md.o(STACK)
    Stack_Mem                                0x20001de8   Data        2048  startup_stm32l1xx_md.o(STACK)
    __initial_sp                             0x200025e8   Data           0  startup_stm32l1xx_md.o(STACK)

    Global Symbols

    Symbol Name                              Value     Ov Type        Size  Object(Section)

    BuildAttributes$$THM_ISAv4$P$D$K$B$S$PE$A:L22UL41UL21$X:L11$S22US41US21$IEEE1$IW$USESV6$~STKCKD$USESV7$~SHL$OSPACE$ROPI$EBA8$UX$STANDARDLIB$REQ8$PRES8$EABIv2 0x00000000   Number         0  anon$$obj.o ABSOLUTE
    __ARM_use_no_argv                        0x00000000   Number         0  main.o ABSOLUTE
    __ARM_exceptions_init                     - Undefined Weak Reference
    __alloca_initialize                       - Undefined Weak Reference
    __arm_preinit_                            - Undefined Weak Reference
    __cpp_initialize__aeabi_                  - Undefined Weak Reference
    __cxa_finalize                            - Undefined Weak Reference
    __rt_locale                               - Undefined Weak Reference
    __sigvec_lookup                           - Undefined Weak Reference
    _atexit_init                              - Undefined Weak Reference
    _call_atexit_fns                          - Undefined Weak Reference
    _clock_init                               - Undefined Weak Reference
    _fp_trap_init                             - Undefined Weak Reference
    _fp_trap_shutdown                         - Undefined Weak Reference
    _get_lc_collate                           - Undefined Weak Reference
    _get_lc_ctype                             - Undefined Weak Reference
    _get_lc_monetary                          - Undefined Weak Reference
    _get_lc_numeric                           - Undefined Weak Reference
    _get_lc_time                              - Undefined Weak Reference
    _getenv_init                              - Undefined Weak Reference
    _handle_redirection                       - Undefined Weak Reference
    _init_alloc                               - Undefined Weak Reference
    _init_user_alloc                          - Undefined Weak Reference
    _initio                                   - Undefined Weak Reference
    _rand_init                                - Undefined Weak Reference
    _signal_finish                            - Undefined Weak Reference
    _signal_init                              - Undefined Weak Reference
    _terminate_alloc                          - Undefined Weak Reference
    _terminate_user_alloc                     - Undefined Weak Reference
    _terminateio                              - Undefined Weak Reference
    __Vectors_Size                           0x000000f4   Number         0  startup_stm32l1xx_md.o ABSOLUTE
    __Vectors                                0x0800c400   Data           4  startup_stm32l1xx_md.o(RESET)
    __Vectors_End                            0x0800c4f4   Data           0  startup_stm32l1xx_md.o(RESET)
    __main                                   0x0800c4f5   Thumb Code     8  __main.o(!!!main)
    __scatterload                            0x0800c4fd   Thumb Code     0  __scatter.o(!!!scatter)
    __scatterload_rt2                        0x0800c4fd   Thumb Code    44  __scatter.o(!!!scatter)
    __scatterload_rt2_thumb_only             0x0800c4fd   Thumb Code     0  __scatter.o(!!!scatter)
    __scatterload_null                       0x0800c50b   Thumb Code     0  __scatter.o(!!!scatter)
    __decompress                             0x0800c531   Thumb Code    90  __dczerorl2.o(!!dczerorl2)
    __decompress1                            0x0800c531   Thumb Code     0  __dczerorl2.o(!!dczerorl2)
    __scatterload_zeroinit                   0x0800c58d   Thumb Code    28  __scatter_zi.o(!!handler_zi)
    __rt_lib_init                            0x0800c5a9   Thumb Code     0  libinit.o(.ARM.Collect$$libinit$$00000000)
    __rt_lib_init_alloca_1                   0x0800c5ab   Thumb Code     0  libinit2.o(.ARM.Collect$$libinit$$0000002E)
    __rt_lib_init_argv_1                     0x0800c5ab   Thumb Code     0  libinit2.o(.ARM.Collect$$libinit$$0000002C)
    __rt_lib_init_atexit_1                   0x0800c5ab   Thumb Code     0  libinit2.o(.ARM.Collect$$libinit$$0000001B)
    __rt_lib_init_clock_1                    0x0800c5ab   Thumb Code     0  libinit2.o(.ARM.Collect$$libinit$$00000021)
    __rt_lib_init_cpp_1                      0x0800c5ab   Thumb Code     0  libinit2.o(.ARM.Collect$$libinit$$00000032)
    __rt_lib_init_exceptions_1               0x0800c5ab   Thumb Code     0  libinit2.o(.ARM.Collect$$libinit$$00000030)
    __rt_lib_init_fp_1                       0x0800c5ab   Thumb Code     0  libinit2.o(.ARM.Collect$$libinit$$00000002)
    __rt_lib_init_fp_trap_1                  0x0800c5ab   Thumb Code     0  libinit2.o(.ARM.Collect$$libinit$$0000001F)
    __rt_lib_init_getenv_1                   0x0800c5ab   Thumb Code     0  libinit2.o(.ARM.Collect$$libinit$$00000023)
    __rt_lib_init_heap_1                     0x0800c5ab   Thumb Code     0  libinit2.o(.ARM.Collect$$libinit$$0000000A)
    __rt_lib_init_lc_collate_1               0x0800c5ab   Thumb Code     0  libinit2.o(.ARM.Collect$$libinit$$00000011)
    __rt_lib_init_lc_ctype_1                 0x0800c5ab   Thumb Code     0  libinit2.o(.ARM.Collect$$libinit$$00000013)
    __rt_lib_init_lc_monetary_1              0x0800c5ab   Thumb Code     0  libinit2.o(.ARM.Collect$$libinit$$00000015)
    __rt_lib_init_lc_numeric_1               0x0800c5ab   Thumb Code     0  libinit2.o(.ARM.Collect$$libinit$$00000017)
    __rt_lib_init_lc_time_1                  0x0800c5ab   Thumb Code     0  libinit2.o(.ARM.Collect$$libinit$$00000019)
    __rt_lib_init_preinit_1                  0x0800c5ab   Thumb Code     0  libinit2.o(.ARM.Collect$$libinit$$00000004)
    __rt_lib_init_rand_1                     0x0800c5ab   Thumb Code     0  libinit2.o(.ARM.Collect$$libinit$$0000000E)
    __rt_lib_init_return                     0x0800c5ab   Thumb Code     0  libinit2.o(.ARM.Collect$$libinit$$00000033)
    __rt_lib_init_signal_1                   0x0800c5ab   Thumb Code     0  libinit2.o(.ARM.Collect$$libinit$$0000001D)
    __rt_lib_init_stdio_1                    0x0800c5ab   Thumb Code     0  libinit2.o(.ARM.Collect$$libinit$$00000025)
    __rt_lib_init_user_alloc_1               0x0800c5ab   Thumb Code     0  libinit2.o(.ARM.Collect$$libinit$$0000000C)
    __rt_lib_shutdown                        0x0800c5ad   Thumb Code     0  libshutdown.o(.ARM.Collect$$libshutdown$$00000000)
    __rt_lib_shutdown_cpp_1                  0x0800c5af   Thumb Code     0  libshutdown2.o(.ARM.Collect$$libshutdown$$00000002)
    __rt_lib_shutdown_fp_trap_1              0x0800c5af   Thumb Code     0  libshutdown2.o(.ARM.Collect$$libshutdown$$00000007)
    __rt_lib_shutdown_heap_1                 0x0800c5af   Thumb Code     0  libshutdown2.o(.ARM.Collect$$libshutdown$$0000000F)
    __rt_lib_shutdown_return                 0x0800c5af   Thumb Code     0  libshutdown2.o(.ARM.Collect$$libshutdown$$00000010)
    __rt_lib_shutdown_signal_1               0x0800c5af   Thumb Code     0  libshutdown2.o(.ARM.Collect$$libshutdown$$0000000A)
    __rt_lib_shutdown_stdio_1                0x0800c5af   Thumb Code     0  libshutdown2.o(.ARM.Collect$$libshutdown$$00000004)
    __rt_lib_shutdown_user_alloc_1           0x0800c5af   Thumb Code     0  libshutdown2.o(.ARM.Collect$$libshutdown$$0000000C)
    __rt_entry                               0x0800c5b1   Thumb Code     0  __rtentry.o(.ARM.Collect$$rtentry$$00000000)
    __rt_entry_presh_1                       0x0800c5b1   Thumb Code     0  __rtentry2.o(.ARM.Collect$$rtentry$$00000002)
    __rt_entry_sh                            0x0800c5b1   Thumb Code     0  __rtentry4.o(.ARM.Collect$$rtentry$$00000004)
    __rt_entry_li                            0x0800c5b7   Thumb Code     0  __rtentry2.o(.ARM.Collect$$rtentry$$0000000A)
    __rt_entry_postsh_1                      0x0800c5b7   Thumb Code     0  __rtentry2.o(.ARM.Collect$$rtentry$$00000009)
    __rt_entry_main                          0x0800c5bb   Thumb Code     0  __rtentry2.o(.ARM.Collect$$rtentry$$0000000D)
    __rt_entry_postli_1                      0x0800c5bb   Thumb Code     0  __rtentry2.o(.ARM.Collect$$rtentry$$0000000C)
    __rt_exit                                0x0800c5c3   Thumb Code     0  rtexit.o(.ARM.Collect$$rtexit$$00000000)
    __rt_exit_ls                             0x0800c5c5   Thumb Code     0  rtexit2.o(.ARM.Collect$$rtexit$$00000003)
    __rt_exit_prels_1                        0x0800c5c5   Thumb Code     0  rtexit2.o(.ARM.Collect$$rtexit$$00000002)
    __rt_exit_exit                           0x0800c5c9   Thumb Code     0  rtexit2.o(.ARM.Collect$$rtexit$$00000004)
    DisableIRQ                               0x0800c5d1   Thumb Code     4  sys.o(.emb_text)
    EnableIRQ                                0x0800c5d5   Thumb Code     4  sys.o(.emb_text)
    WFI_SET                                  0x0800c5d9   Thumb Code     2  sys.o(.emb_text)
    INTX_DISABLE                             0x0800c5db   Thumb Code     2  sys.o(.emb_text)
    INTX_ENABLE                              0x0800c5dd   Thumb Code     2  sys.o(.emb_text)
    MSR_MSP                                  0x0800c5df   Thumb Code     6  sys.o(.emb_text)
    CPU_SR_Restore                           0x0800c5e5   Thumb Code     6  sys.o(.emb_text)
    CPU_SR_Save                              0x0800c5eb   Thumb Code     8  sys.o(.emb_text)
    SystemInit                               0x0800c6f7   Thumb Code    88  system_stm32l1xx.o(.text)
    SystemCoreClockUpdate                    0x0800c74f   Thumb Code   204  system_stm32l1xx.o(.text)
    Reset_Handler                            0x0800c84d   Thumb Code     8  startup_stm32l1xx_md.o(.text)
    NMI_Handler                              0x0800c855   Thumb Code     2  startup_stm32l1xx_md.o(.text)
    HardFault_Handler                        0x0800c857   Thumb Code     2  startup_stm32l1xx_md.o(.text)
    MemManage_Handler                        0x0800c859   Thumb Code     2  startup_stm32l1xx_md.o(.text)
    BusFault_Handler                         0x0800c85b   Thumb Code     2  startup_stm32l1xx_md.o(.text)
    UsageFault_Handler                       0x0800c85d   Thumb Code     2  startup_stm32l1xx_md.o(.text)
    SVC_Handler                              0x0800c85f   Thumb Code     2  startup_stm32l1xx_md.o(.text)
    DebugMon_Handler                         0x0800c861   Thumb Code     2  startup_stm32l1xx_md.o(.text)
    PendSV_Handler                           0x0800c863   Thumb Code     2  startup_stm32l1xx_md.o(.text)
    ADC1_IRQHandler                          0x0800c867   Thumb Code     0  startup_stm32l1xx_md.o(.text)
    COMP_IRQHandler                          0x0800c867   Thumb Code     0  startup_stm32l1xx_md.o(.text)
    DAC_IRQHandler                           0x0800c867   Thumb Code     0  startup_stm32l1xx_md.o(.text)
    DMA1_Channel1_IRQHandler                 0x0800c867   Thumb Code     0  startup_stm32l1xx_md.o(.text)
    DMA1_Channel2_IRQHandler                 0x0800c867   Thumb Code     0  startup_stm32l1xx_md.o(.text)
    DMA1_Channel3_IRQHandler                 0x0800c867   Thumb Code     0  startup_stm32l1xx_md.o(.text)
    DMA1_Channel4_IRQHandler                 0x0800c867   Thumb Code     0  startup_stm32l1xx_md.o(.text)
    DMA1_Channel5_IRQHandler                 0x0800c867   Thumb Code     0  startup_stm32l1xx_md.o(.text)
    DMA1_Channel6_IRQHandler                 0x0800c867   Thumb Code     0  startup_stm32l1xx_md.o(.text)
    DMA1_Channel7_IRQHandler                 0x0800c867   Thumb Code     0  startup_stm32l1xx_md.o(.text)
    EXTI1_IRQHandler                         0x0800c867   Thumb Code     0  startup_stm32l1xx_md.o(.text)
    EXTI2_IRQHandler                         0x0800c867   Thumb Code     0  startup_stm32l1xx_md.o(.text)
    EXTI3_IRQHandler                         0x0800c867   Thumb Code     0  startup_stm32l1xx_md.o(.text)
    EXTI4_IRQHandler                         0x0800c867   Thumb Code     0  startup_stm32l1xx_md.o(.text)
    EXTI9_5_IRQHandler                       0x0800c867   Thumb Code     0  startup_stm32l1xx_md.o(.text)
    FLASH_IRQHandler                         0x0800c867   Thumb Code     0  startup_stm32l1xx_md.o(.text)
    I2C1_ER_IRQHandler                       0x0800c867   Thumb Code     0  startup_stm32l1xx_md.o(.text)
    I2C1_EV_IRQHandler                       0x0800c867   Thumb Code     0  startup_stm32l1xx_md.o(.text)
    I2C2_ER_IRQHandler                       0x0800c867   Thumb Code     0  startup_stm32l1xx_md.o(.text)
    I2C2_EV_IRQHandler                       0x0800c867   Thumb Code     0  startup_stm32l1xx_md.o(.text)
    LCD_IRQHandler                           0x0800c867   Thumb Code     0  startup_stm32l1xx_md.o(.text)
    PVD_IRQHandler                           0x0800c867   Thumb Code     0  startup_stm32l1xx_md.o(.text)
    RCC_IRQHandler                           0x0800c867   Thumb Code     0  startup_stm32l1xx_md.o(.text)
    RTC_Alarm_IRQHandler                     0x0800c867   Thumb Code     0  startup_stm32l1xx_md.o(.text)
    RTC_WKUP_IRQHandler                      0x0800c867   Thumb Code     0  startup_stm32l1xx_md.o(.text)
    SPI1_IRQHandler                          0x0800c867   Thumb Code     0  startup_stm32l1xx_md.o(.text)
    SPI2_IRQHandler                          0x0800c867   Thumb Code     0  startup_stm32l1xx_md.o(.text)
    TAMPER_STAMP_IRQHandler                  0x0800c867   Thumb Code     0  startup_stm32l1xx_md.o(.text)
    TIM10_IRQHandler                         0x0800c867   Thumb Code     0  startup_stm32l1xx_md.o(.text)
    TIM11_IRQHandler                         0x0800c867   Thumb Code     0  startup_stm32l1xx_md.o(.text)
    TIM2_IRQHandler                          0x0800c867   Thumb Code     0  startup_stm32l1xx_md.o(.text)
    TIM3_IRQHandler                          0x0800c867   Thumb Code     0  startup_stm32l1xx_md.o(.text)
    TIM4_IRQHandler                          0x0800c867   Thumb Code     0  startup_stm32l1xx_md.o(.text)
    TIM6_IRQHandler                          0x0800c867   Thumb Code     0  startup_stm32l1xx_md.o(.text)
    TIM7_IRQHandler                          0x0800c867   Thumb Code     0  startup_stm32l1xx_md.o(.text)
    TIM9_IRQHandler                          0x0800c867   Thumb Code     0  startup_stm32l1xx_md.o(.text)
    USART2_IRQHandler                        0x0800c867   Thumb Code     0  startup_stm32l1xx_md.o(.text)
    USART3_IRQHandler                        0x0800c867   Thumb Code     0  startup_stm32l1xx_md.o(.text)
    USB_FS_WKUP_IRQHandler                   0x0800c867   Thumb Code     0  startup_stm32l1xx_md.o(.text)
    USB_HP_IRQHandler                        0x0800c867   Thumb Code     0  startup_stm32l1xx_md.o(.text)
    USB_LP_IRQHandler                        0x0800c867   Thumb Code     0  startup_stm32l1xx_md.o(.text)
    WWDG_IRQHandler                          0x0800c867   Thumb Code     0  startup_stm32l1xx_md.o(.text)
    __user_initial_stackheap                 0x0800c869   Thumb Code     0  startup_stm32l1xx_md.o(.text)
    memcpy                                   0x0800c88d   Thumb Code    28  bestfulib.o(.text)
    memcmp                                   0x0800c8a9   Thumb Code    40  bestfulib.o(.text)
    memset                                   0x0800c8d1   Thumb Code    18  bestfulib.o(.text)
    memmove                                  0x0800c8e3   Thumb Code    58  bestfulib.o(.text)
    memfind                                  0x0800c91d   Thumb Code    64  bestfulib.o(.text)
    memcharget                               0x0800c95d   Thumb Code    48  bestfulib.o(.text)
    Process_SendFIFOData                     0x0800c9a9   Thumb Code    98  cmdprocess.o(.text)
    Msg_Execute                              0x0800ca45   Thumb Code   210  cmdprocess.o(.text)
    Msg_Change                               0x0800cb8d   Thumb Code    32  cmdprocess.o(.text)
    FIFOInit                                 0x0800cbad   Thumb Code    60  cmdprocess.o(.text)
    ProcessSend_Fun                          0x0800cbe9   Thumb Code     8  cmdprocess.o(.text)
    Process_FIFOData                         0x0800cbf1   Thumb Code   102  cmdprocess.o(.text)
    cmd_get                                  0x0800cc81   Thumb Code   232  command.o(.text)
    cmd_put                                  0x0800cd69   Thumb Code   124  command.o(.text)
    cmd_get_data                             0x0800cfc9   Thumb Code    76  command.o(.text)
    cmd_put_data                             0x0800d265   Thumb Code    70  command.o(.text)
    Put_Data_SendBuf                         0x0800d2ab   Thumb Code   220  command.o(.text)
    ChkCrcValue                              0x0800d3a9   Thumb Code    52  crc.o(.text)
    ChkCrcValueEx                            0x0800d3dd   Thumb Code    56  crc.o(.text)
    delay_us                                 0x0800d419   Thumb Code    24  delay.o(.text)
    delay_ms                                 0x0800d431   Thumb Code    28  delay.o(.text)
    ReadDataFromEEPROM                       0x0800d44d   Thumb Code   120  eeprom.o(.text)
    WriteDataToEEPROM                        0x0800d4c5   Thumb Code   120  eeprom.o(.text)
    WriteDataToEEPROMEx                      0x0800d53d   Thumb Code   118  eeprom.o(.text)
    Fault_Upload                             0x0800d5b5   Thumb Code    76  faultmanage.o(.text)
    fifo_Init                                0x0800d605   Thumb Code    26  fifo.o(.text)
    fifo_Rst                                 0x0800d61f   Thumb Code    18  fifo.o(.text)
    fifo_empty                               0x0800d631   Thumb Code    18  fifo.o(.text)
    fifo_validSize                           0x0800d683   Thumb Code    30  fifo.o(.text)
    fifo_puts                                0x0800d6a1   Thumb Code   106  fifo.o(.text)
    fifo_gets                                0x0800d70b   Thumb Code   124  fifo.o(.text)
    fifo_putc                                0x0800d787   Thumb Code    60  fifo.o(.text)
    fifo_getc                                0x0800d7c3   Thumb Code    62  fifo.o(.text)
    fifo_find                                0x0800d801   Thumb Code    92  fifo.o(.text)
    fifo_cmp                                 0x0800d85d   Thumb Code    62  fifo.o(.text)
    Set_IAPReady_Attr                        0x0800d89d   Thumb Code   182  flashattr.o(.text)
    Set_IAPPackSave_Attr                     0x0800d953   Thumb Code    66  flashattr.o(.text)
    Get_IAPPackCheck_Attr                    0x0800d995   Thumb Code    66  flashattr.o(.text)
    Set_IAPDataCRC_Attr                      0x0800d9d7   Thumb Code   104  flashattr.o(.text)
    Set_433Channel_Attr                      0x0800da3f   Thumb Code    70  flashattr.o(.text)
    Get_433Channel_Attr                      0x0800da85   Thumb Code    20  flashattr.o(.text)
    PropFifoInit                             0x0800dabd   Thumb Code    14  linkscanfifo.o(.text)
    PropChangeScanAndExe                     0x0800dacb   Thumb Code    46  linkscanfifo.o(.text)
    PropEventFifo                            0x0800daf9   Thumb Code    80  linkscanfifo.o(.text)
    ALinkClr                                 0x0800db55   Thumb Code    62  linksimplest.o(.text)
    ALinkInit                                0x0800db93   Thumb Code    42  linksimplest.o(.text)
    ChkALinkIsExist                          0x0800dbbd   Thumb Code    90  linksimplest.o(.text)
    GetALinkNum                              0x0800dc17   Thumb Code    80  linksimplest.o(.text)
    QueryALink                               0x0800dc67   Thumb Code    50  linksimplest.o(.text)
    CheckALinkFull                           0x0800dc99   Thumb Code    18  linksimplest.o(.text)
    ReadALink                                0x0800dcab   Thumb Code    50  linksimplest.o(.text)
    WriteALink                               0x0800dcdd   Thumb Code   148  linksimplest.o(.text)
    DelALink                                 0x0800dd71   Thumb Code   234  linksimplest.o(.text)
    LinkInit                                 0x0800de65   Thumb Code     8  linksrc.o(.text)
    LinkClr                                  0x0800de6d   Thumb Code     8  linksrc.o(.text)
    CmpSampAndLinkValue                      0x0800de75   Thumb Code   130  linksrc.o(.text)
    GetConditionReverse                      0x0800def7   Thumb Code    56  linksrc.o(.text)
    GetConditionOffset                       0x0800df2f   Thumb Code    78  linksrc.o(.text)
    LinkSrcExe                               0x0800df7d   Thumb Code   292  linksrc.o(.text)
    CheckLinkFull                            0x0800e0a5   Thumb Code    18  linkwrdc.o(.text)
    QueryLink                                0x0800e0b7   Thumb Code    22  linkwrdc.o(.text)
    QueryAllLinkFromTable                    0x0800e0cd   Thumb Code    64  linkwrdc.o(.text)
    ReadLinkFromTable                        0x0800e10d   Thumb Code    34  linkwrdc.o(.text)
    WriteLinkToTable                         0x0800e12f   Thumb Code    62  linkwrdc.o(.text)
    DelAllLinkFromTable                      0x0800e16d   Thumb Code    46  linkwrdc.o(.text)
    DelLinkFromTable                         0x0800e19b   Thumb Code    30  linkwrdc.o(.text)
    ChkLinkIsExist                           0x0800e1b9   Thumb Code    26  linkwrdc.o(.text)
    GetLinkNum                               0x0800e1d3   Thumb Code    22  linkwrdc.o(.text)
    WriteLinkItem                            0x0800e1e9   Thumb Code    94  linkwrdc.o(.text)
    ModifyLinkItem                           0x0800e247   Thumb Code    60  linkwrdc.o(.text)
    ReadLinkItem                             0x0800e283   Thumb Code    48  linkwrdc.o(.text)
    QueryLinkItem                            0x0800e2b3   Thumb Code    56  linkwrdc.o(.text)
    DelLinkItem                              0x0800e2eb   Thumb Code    46  linkwrdc.o(.text)
    DelLinkForUnit                           0x0800e319   Thumb Code   124  linkwrdc.o(.text)
    SaveSerialNum                            0x0800e399   Thumb Code    12  msgpackage.o(.text)
    Msg_Feedback                             0x0800e3a5   Thumb Code    90  msgpackage.o(.text)
    Msg_UploadUnit                           0x0800e449   Thumb Code    62  msgpackage.o(.text)
    Msg_Upload                               0x0800e487   Thumb Code    58  msgpackage.o(.text)
    Msg_Send                                 0x0800e4c1   Thumb Code    68  msgpackage.o(.text)
    Check_Area                               0x0800e50d   Thumb Code   108  object.o(.text)
    Check_BandAddr                           0x0800e579   Thumb Code    80  object.o(.text)
    Object_Check                             0x0800e683   Thumb Code   728  object.o(.text)
    Set_Scene_Attr                           0x0800e95b   Thumb Code   362  scene&group.o(.text)
    Get_Scene_Attr                           0x0800eac5   Thumb Code   104  scene&group.o(.text)
    Set_Group_Attr                           0x0800eb2d   Thumb Code   328  scene&group.o(.text)
    Get_Group_Attr                           0x0800ec75   Thumb Code    94  scene&group.o(.text)
    Sign433_SendTestFrame                    0x0800ecd5   Thumb Code    82  sign433.o(.text)
    Sign433_SendTestFrameStream              0x0800ed27   Thumb Code    28  sign433.o(.text)
    Sign433_SendTestReport                   0x0800ed43   Thumb Code    78  sign433.o(.text)
    Set_Sign433_StartSendFrame_Attr          0x0800ed99   Thumb Code    60  sign433attr.o(.text)
    Get_Sign433_MasterAddr                   0x0800edd5   Thumb Code     6  sign433attr.o(.text)
    Get_Sign433_StartSendFrame_Attr          0x0800eddb   Thumb Code    46  sign433attr.o(.text)
    Set_Sign433_StartRecFrame_Attr           0x0800ee09   Thumb Code    86  sign433attr.o(.text)
    Get_Sign433_StartRecFrame_Attr           0x0800ee5f   Thumb Code    46  sign433attr.o(.text)
    Set_Sign433_RecFrameStream_Attr          0x0800ee8d   Thumb Code    40  sign433attr.o(.text)
    Set_Sign433_TestState_Attr               0x0800eeb5   Thumb Code    12  sign433attr.o(.text)
    Get_Sign433_TestState_Attr               0x0800eec1   Thumb Code    16  sign433attr.o(.text)
    SysAttr_Init                             0x0800eedd   Thumb Code    28  sysexeattr.o(.text)
    Get_Version_Attr                         0x0800eef9   Thumb Code   104  sysexeattr.o(.text)
    Get_DeviceType_Attr                      0x0800ef61   Thumb Code    76  sysexeattr.o(.text)
    Set_UserID_Attr                          0x0800efad   Thumb Code    42  sysexeattr.o(.text)
    Get_UserID_Attr                          0x0800efd7   Thumb Code    16  sysexeattr.o(.text)
    Get_DeviceAddr_Attr                      0x0800efe7   Thumb Code    16  sysexeattr.o(.text)
    Set_CmdAckNum_Attr                       0x0800eff7   Thumb Code    42  sysexeattr.o(.text)
    Get_CmdAckNum_Attr                       0x0800f021   Thumb Code    14  sysexeattr.o(.text)
    Set_RepeatBandAddr_Attr                  0x0800f02f   Thumb Code   138  sysexeattr.o(.text)
    Get_RepeatBandAddr_Attr                  0x0800f0b9   Thumb Code   138  sysexeattr.o(.text)
    Set_UnitArea_Attr                        0x0800f143   Thumb Code   112  sysexeattr.o(.text)
    Get_UnitArea_Attr                        0x0800f1b3   Thumb Code   100  sysexeattr.o(.text)
    Set_UnitType_Attr                        0x0800f217   Thumb Code   120  sysexeattr.o(.text)
    Get_UnitType_Attr                        0x0800f28f   Thumb Code   118  sysexeattr.o(.text)
    Set_CommonType_Attr                      0x0800f305   Thumb Code   120  sysexeattr.o(.text)
    Get_CommonType_Attr                      0x0800f37d   Thumb Code   104  sysexeattr.o(.text)
    Set_UnitAble_Attr                        0x0800f3e5   Thumb Code   120  sysexeattr.o(.text)
    Get_UnitAble_Attr                        0x0800f45d   Thumb Code   104  sysexeattr.o(.text)
    Set_FaultFalg_Attr                       0x0800f4c5   Thumb Code    12  sysexeattr.o(.text)
    Get_FaultFlag_Attr                       0x0800f4d1   Thumb Code    20  sysexeattr.o(.text)
    Set_UserDataFormat_Attr                  0x0800f4e5   Thumb Code    94  sysexeattr.o(.text)
    Set_Link_Attr                            0x0800f543   Thumb Code    98  sysexeattr.o(.text)
    Get_Link_Attr                            0x0800f5a5   Thumb Code    68  sysexeattr.o(.text)
    Set_DelLinkForUnit_Attr                  0x0800f5e9   Thumb Code    40  sysexeattr.o(.text)
    SI4432Test_Fail                          0x0800f615   Thumb Code    16  systestattr.o(.text)
    SI4432Test_Attr                          0x0800f625   Thumb Code    68  systestattr.o(.text)
    Thread_Init                              0x0800f679   Thumb Code     8  thread.o(.text)
    Thread_Wake                              0x0800f6ad   Thumb Code   158  thread.o(.text)
    Thread_Login                             0x0800f74b   Thumb Code   260  thread.o(.text)
    Thread_Logout                            0x0800f84f   Thumb Code   106  thread.o(.text)
    Thread_Hang                              0x0800f8b9   Thumb Code   130  thread.o(.text)
    Thread_Process                           0x0800f93b   Thumb Code   106  thread.o(.text)
    Thread_RunCheck                          0x0800f9a5   Thumb Code    48  thread.o(.text)
    Set_ManyUnit_Attr                        0x0800f9dd   Thumb Code   102  unitshare_attr.o(.text)
    Get_ManyUnit_Attr                        0x0800fa43   Thumb Code   310  unitshare_attr.o(.text)
    Set_UnitChecking_Attr                    0x0800fb79   Thumb Code   110  unitshare_attr.o(.text)
    Updata_Check                             0x0800fbf1   Thumb Code    22  updata.o(.text)
    Updata_Ready                             0x0800fc07   Thumb Code   142  updata.o(.text)
    Updata_PackProcess                       0x0800fc95   Thumb Code   112  updata.o(.text)
    Updata_PackCheck                         0x0800fd05   Thumb Code    76  updata.o(.text)
    Updata_Calibrate                         0x0800fd51   Thumb Code    30  updata.o(.text)
    Updata_Channel                           0x0800fd6f   Thumb Code    86  updata.o(.text)
    Channel_Get                              0x0800fdc5   Thumb Code    52  updata.o(.text)
    Updata_Flag                              0x0800fdf9   Thumb Code    38  updata.o(.text)
    PartionChange                            0x0800fe1f   Thumb Code   226  updata.o(.text)
    Upload_Fault                             0x0800ff39   Thumb Code    34  upload.o(.text)
    Upload                                   0x0800ff93   Thumb Code    44  upload.o(.text)
    SceneEEPROM_Init                         0x0800ffdd   Thumb Code    42  userdata.o(.text)
    GroupEEPROMUnit_Init                     0x08010007   Thumb Code    54  userdata.o(.text)
    GroupEEPROM_Init                         0x0801003d   Thumb Code    26  userdata.o(.text)
    UnitPrivateEEPROMUnitData_Init           0x08010057   Thumb Code    28  userdata.o(.text)
    UnitPrivateEEPROMData_Init               0x08010073   Thumb Code    26  userdata.o(.text)
    UnitPublicEEPROMUnitData_Init            0x0801008d   Thumb Code    62  userdata.o(.text)
    UnitPublicEEPROMData_Init                0x080100cb   Thumb Code    26  userdata.o(.text)
    SysEEPROMData_Init                       0x080100e5   Thumb Code    52  userdata.o(.text)
    UserEEPROMData_Init                      0x08010119   Thumb Code    54  userdata.o(.text)
    FaultData_Init                           0x0801014f   Thumb Code    14  userdata.o(.text)
    UserData_Init                            0x0801015d   Thumb Code    92  userdata.o(.text)
    FaultData_Save                           0x080101b9   Thumb Code    32  userdata.o(.text)
    FaultData_Get                            0x080101d9   Thumb Code    22  userdata.o(.text)
    SysEEPROMData_Set                        0x080101ef   Thumb Code    24  userdata.o(.text)
    UnitPublicEEPROMData_Get                 0x08010207   Thumb Code    36  userdata.o(.text)
    UnitPublicEEPROMData_Set                 0x0801022b   Thumb Code    32  userdata.o(.text)
    GroupEEPROM_Clr                          0x0801024b   Thumb Code   220  userdata.o(.text)
    GroupEEPROM_Set                          0x08010327   Thumb Code   230  userdata.o(.text)
    GroupEEPROM_Get                          0x0801040d   Thumb Code   114  userdata.o(.text)
    SceneEEPROMUnit_Init                     0x080104cb   Thumb Code    72  userdata.o(.text)
    SceneEEPROM_Clr                          0x08010513   Thumb Code    84  userdata.o(.text)
    SceneEEPROM_Set                          0x0801064b   Thumb Code   144  userdata.o(.text)
    SceneEEPROM_Get                          0x080106db   Thumb Code    76  userdata.o(.text)
    EEPROM_Write                             0x08010727   Thumb Code    46  userdata.o(.text)
    EEPROM_Read                              0x08010755   Thumb Code    46  userdata.o(.text)
    UserDataDownload_Init                    0x08010789   Thumb Code    20  userdatadownload.o(.text)
    UserDataDownload_Ready                   0x0801079d   Thumb Code   244  userdatadownload.o(.text)
    UserDataFrame_Save                       0x08010891   Thumb Code   134  userdatadownload.o(.text)
    UserDataFrame_Check                      0x08010917   Thumb Code    78  userdatadownload.o(.text)
    DeviceResetCheck_Init                    0x08010991   Thumb Code     2  devicereset.o(.text)
    DATA_EEPROM_Unlock                       0x08010995   Thumb Code    24  flash.o(.text)
    Flash_Unlock                             0x080109ad   Thumb Code    30  flash.o(.text)
    Flash_lock                               0x080109cb   Thumb Code    14  flash.o(.text)
    FLASH_ErasePage                          0x08010a2f   Thumb Code    86  flash.o(.text)
    Flash_Write                              0x08010a85   Thumb Code    58  flash.o(.text)
    GPIOx_Cfg                                0x08010ad5   Thumb Code   144  gpio.o(.text)
    GPIOx_AF                                 0x08010b65   Thumb Code    92  gpio.o(.text)
    GPIOx_Set                                0x08010bc1   Thumb Code    20  gpio.o(.text)
    GPIOx_Rst                                0x08010bd5   Thumb Code    14  gpio.o(.text)
    GPIOx_Rvrs                               0x08010be3   Thumb Code    14  gpio.o(.text)
    GPIOx_Get                                0x08010bf1   Thumb Code    14  gpio.o(.text)
    I2C_Init                                 0x08010c23   Thumb Code    26  i2c.o(.text)
    IIC_GetState                             0x08010e8d   Thumb Code    40  i2c.o(.text)
    IIC_Read                                 0x08010eb5   Thumb Code   102  i2c.o(.text)
    IIC_Write                                0x08010f1b   Thumb Code    80  i2c.o(.text)
    IIC_WriteSame                            0x08010f6b   Thumb Code    78  i2c.o(.text)
    Instruct_Run                             0x08010fc5   Thumb Code    24  instruct.o(.text)
    Instruct_Init                            0x08010fdd   Thumb Code    28  instruct.o(.text)
    Instruct                                 0x08010ff9   Thumb Code    18  instruct.o(.text)
    Program_Erase                            0x08011011   Thumb Code    62  program.o(.text)
    Program_Write                            0x0801104f   Thumb Code    48  program.o(.text)
    Program_Read                             0x0801107f   Thumb Code    22  program.o(.text)
    Flash_DefaultValue                       0x08011095   Thumb Code     4  program.o(.text)
    SetRecTestStatus                         0x0801109d   Thumb Code    14  si4432.o(.text)
    GetRSSIPara                              0x080110ab   Thumb Code     4  si4432.o(.text)
    Si4432_GetRSSI                           0x080110af   Thumb Code     6  si4432.o(.text)
    Si4432_Idle                              0x080111a7   Thumb Code    70  si4432.o(.text)
    Si4432_Init                              0x080111ed   Thumb Code   700  si4432.o(.text)
    EXTI15_10_IRQHandler                     0x080116ff   Thumb Code    18  si4432.o(.text)
    Si4432_Send                              0x080117a3   Thumb Code    60  si4432.o(.text)
    SPI2_Port_Init                           0x08011811   Thumb Code    28  spi.o(.text)
    SPI2_ReadWriteByte                       0x0801182d   Thumb Code    86  spi.o(.text)
    SPI2_Init                                0x08011883   Thumb Code   142  spi.o(.text)
    SPI2_SetSpeed                            0x08011911   Thumb Code    42  spi.o(.text)
    MY_NVIC_SetVectorTable                   0x08011945   Thumb Code    12  sys.o(.text)
    MY_NVIC_PriorityGroupConfig              0x08011951   Thumb Code    36  sys.o(.text)
    MY_NVIC_Init                             0x08011975   Thumb Code   146  sys.o(.text)
    Ex_NVIC_Config                           0x08011a07   Thumb Code   144  sys.o(.text)
    MYRCC_DeInit                             0x08011a97   Thumb Code   112  sys.o(.text)
    Sys_Standby                              0x08011b07   Thumb Code    72  sys.o(.text)
    Sys_Soft_Reset                           0x08011b4f   Thumb Code    12  sys.o(.text)
    JTAG_Set                                 0x08011b5b   Thumb Code    18  sys.o(.text)
    Stm32_Clock_Init                         0x08011b6d   Thumb Code   154  sys.o(.text)
    SysHard_Init                             0x08011c39   Thumb Code    22  syshard.o(.text)
    HardID_Check                             0x08011c4f   Thumb Code    20  syshard.o(.text)
    SysTick_Init                             0x08011c69   Thumb Code    42  systick.o(.text)
    Time_Get                                 0x08011c93   Thumb Code     6  systick.o(.text)
    SysTick_Handler                          0x08011c99   Thumb Code   192  systick.o(.text)
    Test_Init                                0x08011d6d   Thumb Code    78  test.o(.text)
    UART_Init                                0x08011dc5   Thumb Code   150  usart.o(.text)
    UART_Write                               0x08011e5b   Thumb Code    50  usart.o(.text)
    UART_Send                                0x08011e8d   Thumb Code    44  usart.o(.text)
    USART1_IRQHandler                        0x08011eb9   Thumb Code    30  usart.o(.text)
    WDG_Feed                                 0x08011ee9   Thumb Code    10  wdg.o(.text)
    WDG_Init                                 0x08011ef3   Thumb Code    50  wdg.o(.text)
    WDG_FeedOFF                              0x08011f25   Thumb Code    12  wdg.o(.text)
    HardWDGTest_Attr                         0x08011f31   Thumb Code     6  wdg.o(.text)
    ADC_TestPowerON                          0x08011f71   Thumb Code    12  adc.o(.text)
    ADC_TestPowerOFF                         0x08011f7d   Thumb Code    12  adc.o(.text)
    ADC_Init                                 0x08011f89   Thumb Code   208  adc.o(.text)
    ADC_Read                                 0x08012059   Thumb Code    64  adc.o(.text)
    ADC_ReadAverage                          0x08012099   Thumb Code   112  adc.o(.text)
    Battery_GetVoltage                       0x08012119   Thumb Code    60  battery.o(.text)
    Battery_GetPercent                       0x08012155   Thumb Code   650  battery.o(.text)
    Battery_Show_State                       0x080123ed   Thumb Code   136  batteryexeattr.o(.text)
    Battery_Show                             0x08012475   Thumb Code    14  batteryexeattr.o(.text)
    Battery_Init                             0x08012483   Thumb Code    14  batteryexeattr.o(.text)
    Get_PowerPercent_Attr                    0x08012491   Thumb Code    34  batteryexeattr.o(.text)
    Get_ChargeState_Attr                     0x080124b3   Thumb Code     6  batteryexeattr.o(.text)
    WKUP_PortInit                            0x080124cd   Thumb Code    14  lowpower.o(.text)
    StandbyCountReset                        0x080124db   Thumb Code     8  lowpower.o(.text)
    WKUP_GetState                            0x080124e3   Thumb Code    20  lowpower.o(.text)
    Standby_Mode                             0x080124f7   Thumb Code   176  lowpower.o(.text)
    LowPower_CheckTime                       0x080125a7   Thumb Code    86  lowpower.o(.text)
    EXTI0_IRQHandler                         0x080125fd   Thumb Code     8  lowpower.o(.text)
    FlashSizeFlagInit                        0x08012635   Thumb Code    10  flashsizeflag.o(.text)
    main                                     0x08012645   Thumb Code    86  main.o(.text)
    UnitCnt_Get                              0x080126ad   Thumb Code     4  unitcfg.o(.text)
    Unit_Init                                0x080126b1   Thumb Code    48  unitcfg.o(.text)
    IIC_InitPort                             0x080126eb   Thumb Code    40  iic.o(.text)
    IIC_Start                                0x08012713   Thumb Code    70  iic.o(.text)
    IIC_Stop                                 0x08012759   Thumb Code    52  iic.o(.text)
    IIC_WaitAck                              0x0801278d   Thumb Code   160  iic.o(.text)
    IIC_ACK                                  0x0801282d   Thumb Code    66  iic.o(.text)
    IIC_NACK                                 0x0801286f   Thumb Code    60  iic.o(.text)
    IIC_SendByte                             0x080128ab   Thumb Code    94  iic.o(.text)
    IIC_GetByte                              0x08012909   Thumb Code   108  iic.o(.text)
    IIC_WriteByte                            0x08012975   Thumb Code    46  iic.o(.text)
    IIC_ReadByte                             0x080129a3   Thumb Code    60  iic.o(.text)
    IIC_WriteDataN                           0x080129df   Thumb Code    68  iic.o(.text)
    IIC_ReadDataN                            0x08012a23   Thumb Code    96  iic.o(.text)
    WTC6216_Init                             0x08012a89   Thumb Code    24  wtc6216.o(.text)
    WTC6216_ReadKey                          0x08012aa1   Thumb Code    24  wtc6216.o(.text)
    OLED_ClearScreen                         0x08012ac1   Thumb Code    64  oled.o(.text)
    Init_OLED                                0x08012b01   Thumb Code   296  oled.o(.text)
    OLED_SetCursor                           0x08012c29   Thumb Code    50  oled.o(.text)
    OLED_SetCursor_Normal                    0x08012c5b   Thumb Code    46  oled.o(.text)
    OLED_ShowPicture                         0x08012c89   Thumb Code    68  oled.o(.text)
    OLED_ShowPicAt                           0x08012ccd   Thumb Code    78  oled.o(.text)
    OLED_ShowHalfPicAt                       0x08012d1b   Thumb Code    82  oled.o(.text)
    OLED_ShowQuartPicAt                      0x08012d6d   Thumb Code    94  oled.o(.text)
    OLED_Show32x323PicAt                     0x08012dcb   Thumb Code    94  oled.o(.text)
    OLED_ShowChar                            0x08012e29   Thumb Code    96  oled.o(.text)
    OLED_ShowCN                              0x08012e89   Thumb Code   152  oled.o(.text)
    OLED_ShowString                          0x08012f21   Thumb Code    68  oled.o(.text)
    OLED_DrawLine                            0x08012f65   Thumb Code    34  oled.o(.text)
    OLED_ShowNum18x32                        0x08012f87   Thumb Code    70  oled.o(.text)
    _74HC595_Init                            0x08012fcd   Thumb Code   158  74hc595.o(.text)
    _74HC595_MainReset                       0x0801306b   Thumb Code    50  74hc595.o(.text)
    _74HC595_WriteData                       0x0801309d   Thumb Code   100  74hc595.o(.text)
    InitQueue                                0x08013101   Thumb Code    34  queue.o(.text)
    Enqueue                                  0x08013153   Thumb Code   112  queue.o(.text)
    Dequeue                                  0x080131c3   Thumb Code    56  queue.o(.text)
    IWDG_Init                                0x080131fd   Thumb Code    28  iwdg.o(.text)
    IWDG_Feed                                0x08013219   Thumb Code    10  iwdg.o(.text)
    AirCondition_ReadSaveData                0x08013229   Thumb Code   174  airconditionpad.o(.text)
    Init_AirCondition                        0x080132d7   Thumb Code   174  airconditionpad.o(.text)
    AirCondition_SaveData                    0x08013385   Thumb Code    28  airconditionpad.o(.text)
    AirCondition_SendData                    0x080133ed   Thumb Code    26  airconditionpad.o(.text)
    Show_Temper                              0x08013407   Thumb Code    74  airconditionpad.o(.text)
    AirCondition_KeyHander                   0x08013451   Thumb Code   416  airconditionpad.o(.text)
    AirCondition_FullShow                    0x080135f1   Thumb Code   286  airconditionpad.o(.text)
    AirCondition_FirstShowPicture            0x0801370f   Thumb Code   224  airconditionpad.o(.text)
    Key_Init                                 0x08013805   Thumb Code    22  key.o(.text)
    Key_Scan                                 0x0801381b   Thumb Code   194  key.o(.text)
    Key_FirstHandleScan                      0x080138dd   Thumb Code   188  key.o(.text)
    Key_Handle                               0x08013999   Thumb Code   798  key.o(.text)
    Key_FirstScan                            0x08013cb7   Thumb Code    62  key.o(.text)
    Save_CurrentKeyState                     0x08013cf5   Thumb Code    16  key.o(.text)
    Get_CurrentKeyState                      0x08013d05   Thumb Code    18  key.o(.text)
    ShowLED_OpenAll                          0x08013d2d   Thumb Code    12  showled.o(.text)
    ShowLED_CloseAll                         0x08013d39   Thumb Code    12  showled.o(.text)
    ShowLED_CheckDevice                      0x08013d45   Thumb Code    38  showled.o(.text)
    ShowLED_LightON                          0x08013d6b   Thumb Code    24  showled.o(.text)
    ShowLED_LightOFF                         0x08013d83   Thumb Code    26  showled.o(.text)
    ShowLED_CycleLED                         0x08013d9d   Thumb Code   310  showled.o(.text)
    ShowLED_StartCycleLED                    0x08013ed3   Thumb Code    40  showled.o(.text)
    ShowLED_ReverLED                         0x08013efb   Thumb Code    56  showled.o(.text)
    ShowLED_FlashLED                         0x08013f33   Thumb Code    34  showled.o(.text)
    KeyInit                                  0x08013f75   Thumb Code   308  keyexeattr.o(.text)
    KeyEepromInit                            0x080140a9   Thumb Code   102  keyexeattr.o(.text)
    Get_TouchKey_Attr                        0x0801410f   Thumb Code    20  keyexeattr.o(.text)
    Set_Password_Attr                        0x08014123   Thumb Code    46  keyexeattr.o(.text)
    Get_Password_Attr                        0x08014151   Thumb Code    42  keyexeattr.o(.text)
    KeyChecking_Attr                         0x0801417b   Thumb Code    16  keyexeattr.o(.text)
    Get_DeviceRelateData_Attr                0x0801418b   Thumb Code    66  keyexeattr.o(.text)
    Set_DeviceRelate_Attr                    0x080141cd   Thumb Code    48  keyexeattr.o(.text)
    Get_DeviceRelate_Attr                    0x080141fd   Thumb Code    74  keyexeattr.o(.text)
    Set_DeviceRelateSwitch_Attr              0x08014247   Thumb Code    12  keyexeattr.o(.text)
    Get_DeviceRelateSwitch_Attr              0x08014253   Thumb Code    16  keyexeattr.o(.text)
    Set_MaxMinTemperature_Attr               0x08014263   Thumb Code    46  keyexeattr.o(.text)
    Get_MaxMinTemperature_Attr               0x08014291   Thumb Code    22  keyexeattr.o(.text)
    __aeabi_memclr4                          0x080142f1   Thumb Code     0  rt_memclr_w.o(.text)
    __aeabi_memclr8                          0x080142f1   Thumb Code     0  rt_memclr_w.o(.text)
    __rt_memclr_w                            0x080142f1   Thumb Code    78  rt_memclr_w.o(.text)
    _memset_w                                0x080142f5   Thumb Code     0  rt_memclr_w.o(.text)
    __use_two_region_memory                  0x0801433f   Thumb Code     2  heapauxi.o(.text)
    __rt_heap_escrow$2region                 0x08014341   Thumb Code     2  heapauxi.o(.text)
    __rt_heap_expand$2region                 0x08014343   Thumb Code     2  heapauxi.o(.text)
    __user_setup_stackheap                   0x08014345   Thumb Code    74  sys_stackheap_outer.o(.text)
    exit                                     0x0801438f   Thumb Code    18  exit.o(.text)
    __user_libspace                          0x080143a1   Thumb Code     8  libspace.o(.text)
    __user_perproc_libspace                  0x080143a1   Thumb Code     0  libspace.o(.text)
    __user_perthread_libspace                0x080143a1   Thumb Code     0  libspace.o(.text)
    _sys_exit                                0x080143a9   Thumb Code     8  sys_exit.o(.text)
    __I$use$semihosting                      0x080143b5   Thumb Code     0  use_no_semi.o(.text)
    __use_no_semihosting_swi                 0x080143b5   Thumb Code     2  use_no_semi.o(.text)
    __semihosting_library_function           0x080143b7   Thumb Code     0  indicate_semi.o(.text)
    __aeabi_dadd                             0x080143b9   Thumb Code     0  daddsub_clz.o(x$fpl$dadd)
    _dadd                                    0x080143b9   Thumb Code   332  daddsub_clz.o(x$fpl$dadd)
    __aeabi_d2uiz                            0x08014509   Thumb Code     0  dfixu.o(x$fpl$dfixu)
    _dfixu                                   0x08014509   Thumb Code    90  dfixu.o(x$fpl$dfixu)
    __aeabi_ui2d                             0x08014563   Thumb Code     0  dflt_clz.o(x$fpl$dfltu)
    _dfltu                                   0x08014563   Thumb Code    38  dflt_clz.o(x$fpl$dfltu)
    __aeabi_dmul                             0x08014589   Thumb Code     0  dmul.o(x$fpl$dmul)
    _dmul                                    0x08014589   Thumb Code   332  dmul.o(x$fpl$dmul)
    __fpl_dnaninf                            0x080146dd   Thumb Code   156  dnaninf.o(x$fpl$dnaninf)
    __fpl_dretinf                            0x08014779   Thumb Code    12  dretinf.o(x$fpl$dretinf)
    __aeabi_dsub                             0x08014785   Thumb Code     0  daddsub_clz.o(x$fpl$dsub)
    _dsub                                    0x08014785   Thumb Code   464  daddsub_clz.o(x$fpl$dsub)
    HeadCMD                                  0x08014958   Data           6  command.o(.constdata)
    __I$use$fp                               0x08014958   Number         0  usenofp.o(x$fpl$usenofp)
    TailCMD                                  0x0801495e   Data           6  command.o(.constdata)
    CRCTable                                 0x08014964   Data         512  crc.o(.constdata)
    SysAttrTable                             0x08014b64   Data         496  sysexeattr.o(.constdata)
    Si4432Cfg_Tab                            0x08014d54   Data          21  si4432.o(.constdata)
    VoltageTab                               0x08014d72   Data          22  battery.o(.constdata)
    flashFlag                                0x08014d88   Data          23  flashsizeflag.o(.constdata)
    UnitTab                                  0x08014da0   Data          32  unitcfg.o(.constdata)
    ASCII_1608                               0x08014dc0   Data         416  oled.o(.constdata)
    GB1616_ZMo                               0x08014f60   Data          39  oled.o(.constdata)
    GB1616                                   0x08014f87   Data         416  oled.o(.constdata)
    PIC_TAB_START_ADDR                       0x08015128   Data           4  touchpadpic.o(.constdata)
    PIC_NUM_HALF                             0x0801512c   Data           1  touchpadpic.o(.constdata)
    PIC_SIZE_HALF                            0x0801512e   Data           2  touchpadpic.o(.constdata)
    PIC_TAB_AC_ADDR                          0x08015130   Data           4  touchpadpic.o(.constdata)
    PIC_NUM_AC                               0x08015134   Data           1  touchpadpic.o(.constdata)
    PIC_SIZE_AC                              0x08015136   Data           2  touchpadpic.o(.constdata)
    PIC_TAB_NUM_ADDR                         0x08015138   Data           4  touchpadpic.o(.constdata)
    PIC_NUM_NUM                              0x0801513c   Data           1  touchpadpic.o(.constdata)
    PIC_SIZE_NUM                             0x0801513e   Data           2  touchpadpic.o(.constdata)
    PIC_TAB_32x32_ADDR                       0x08015140   Data           4  touchpadpic.o(.constdata)
    PIC_NUM_32x32                            0x08015144   Data           1  touchpadpic.o(.constdata)
    PIC_SIZE_32x32                           0x08015146   Data           2  touchpadpic.o(.constdata)
    PicTab_Bat                               0x08015148   Data         246  touchpadpic.o(.constdata)
    PicPower                                 0x0801523e   Data         224  touchpadpic.o(.constdata)
    PicTab_Wind                              0x0801531e   Data          92  touchpadpic.o(.constdata)
    NONE_KEY                                 0x0801537a   Data           1  key.o(.constdata)
    LONG_KEY_TIMES                           0x0801537c   Data           2  key.o(.constdata)
    KeyMapTab                                0x0801537e   Data          17  key.o(.constdata)
    KeyAttrTab                               0x08015390   Data         208  keyexeattr.o(.constdata)
    Region$$Table$$Base                      0x08015460   Number         0  anon$$obj.o(Region$$Table)
    Region$$Table$$Limit                     0x08015480   Number         0  anon$$obj.o(Region$$Table)
    SystemCoreClock                          0x20000000   Data           4  system_stm32l1xx.o(.data)
    PLLMulTable                              0x20000004   Data           9  system_stm32l1xx.o(.data)
    AHBPrescTable                            0x2000000d   Data          16  system_stm32l1xx.o(.data)
    DelayID                                  0x20000088   Data           4  object.o(.data)
    Sign433_State                            0x2000008d   Data           1  sign433.o(.data)
    PACK_SIZE                                0x2000008f   Data           1  updata.o(.data)
    err                                      0x20000090   Data           1  updata.o(.data)
    TestRecFlag                              0x20000096   Data           1  si4432.o(.data)
    Test                                     0x200000a8   Data           4  test.o(.data)
    gPowerPercent                            0x200000ac   Data           1  battery.o(.data)
    gPowerLv                                 0x200000ad   Data           1  battery.o(.data)
    gSleepFlag                               0x200000b0   Data           1  lowpower.o(.data)
    IWDG_flag                                0x200000b1   Data           1  main.o(.data)
    first_key                                0x200000b2   Data           1  main.o(.data)
    PicTab                                   0x200000b4   Data          84  touchpadpic.o(.data)
    PicTab_AC                                0x20000108   Data          40  touchpadpic.o(.data)
    PicTab_NUM                               0x20000130   Data          40  touchpadpic.o(.data)
    PicTab_32x32                             0x20000158   Data          20  touchpadpic.o(.data)
    gAirContionData                          0x2000016c   Data           7  airconditionpad.o(.data)
    gUIMode                                  0x20000173   Data           1  airconditionpad.o(.data)
    gPassword                                0x2000017a   Data           4  key.o(.data)
    gPswFlag                                 0x2000017e   Data           1  key.o(.data)
    InputPassword                            0x2000017f   Data           4  key.o(.data)
    PswBit                                   0x20000183   Data           1  key.o(.data)
    gWukeUpForPassWord                       0x20000185   Data           1  key.o(.data)
    gWukeUpForKey                            0x20000186   Data           1  key.o(.data)
    gPrevoiusKeyValue                        0x20000187   Data           2  key.o(.data)
    LedMapTab                                0x2000018e   Data          17  showled.o(.data)
    rcv433fifo                               0x200001a8   Data          16  cmdprocess.o(.bss)
    rcvBuf                                   0x200001b8   Data        1024  cmdprocess.o(.bss)
    rcv_433                                  0x200005b8   Data         264  cmdprocess.o(.bss)
    send_433                                 0x200006c0   Data         264  cmdprocess.o(.bss)
    propfifo                                 0x20000f7c   Data          16  linkscanfifo.o(.bss)
    propbuf                                  0x20000f8c   Data         128  linkscanfifo.o(.bss)
    ALink                                    0x2000100c   Data        1651  linksimplest.o(.bss)
    RData                                    0x20001680   Data         320  object.o(.bss)
    gSign433Comm                             0x200017c0   Data          12  sign433.o(.bss)
    RecRSSI                                  0x200017cc   Data         100  sign433.o(.bss)
    IAP_FLAG                                 0x20001924   Data          16  updata.o(.bss)
    PACK_ID                                  0x20001934   Data         256  updata.o(.bss)
    gSysData                                 0x20001a34   Data          30  userdata.o(.bss)
    UserDownload                             0x20001a54   Data         140  userdatadownload.o(.bss)
    TestRecRSSI                              0x20001ae0   Data         100  si4432.o(.bss)
    gUnitData                                0x20001b44   Data          16  unitcfg.o(.bss)
    gDeveceRelate                            0x20001b54   Data           9  airconditionpad.o(.bss)
    KeyCh                                    0x20001b5d   Data          14  key.o(.bss)
    gQueue                                   0x20001b6b   Data          28  key.o(.bss)
    __libspace_start                         0x20001b88   Data          96  libspace.o(.bss)
    __temporary_stack_top$libspace           0x20001be8   Data           0  libspace.o(.bss)



==============================================================================

Memory Map of the image

  Image Entry point : 0x0800c4f5

  Load Region LR_IROM1 (Base: 0x0800c400, Size: 0x00009228, Max: 0x00020000, ABSOLUTE, COMPRESSED[0x0000917c])

    Execution Region ER_IROM1 (Base: 0x0800c400, Size: 0x00009080, Max: 0x00020000, ABSOLUTE)

    Base Addr    Size         Type   Attr      Idx    E Section Name        Object

    0x0800c400   0x000000f4   Data   RO           71    RESET               startup_stm32l1xx_md.o
    0x0800c4f4   0x00000008   Code   RO         1525  * !!!main             c_w.l(__main.o)
    0x0800c4fc   0x00000034   Code   RO         1733    !!!scatter          c_w.l(__scatter.o)
    0x0800c530   0x0000005a   Code   RO         1731    !!dczerorl2         c_w.l(__dczerorl2.o)
    0x0800c58a   0x00000002   PAD
    0x0800c58c   0x0000001c   Code   RO         1735    !!handler_zi        c_w.l(__scatter_zi.o)
    0x0800c5a8   0x00000002   Code   RO         1601    .ARM.Collect$$libinit$$00000000  c_w.l(libinit.o)
    0x0800c5aa   0x00000000   Code   RO         1608    .ARM.Collect$$libinit$$00000002  c_w.l(libinit2.o)
    0x0800c5aa   0x00000000   Code   RO         1610    .ARM.Collect$$libinit$$00000004  c_w.l(libinit2.o)
    0x0800c5aa   0x00000000   Code   RO         1613    .ARM.Collect$$libinit$$0000000A  c_w.l(libinit2.o)
    0x0800c5aa   0x00000000   Code   RO         1615    .ARM.Collect$$libinit$$0000000C  c_w.l(libinit2.o)
    0x0800c5aa   0x00000000   Code   RO         1617    .ARM.Collect$$libinit$$0000000E  c_w.l(libinit2.o)
    0x0800c5aa   0x00000000   Code   RO         1620    .ARM.Collect$$libinit$$00000011  c_w.l(libinit2.o)
    0x0800c5aa   0x00000000   Code   RO         1622    .ARM.Collect$$libinit$$00000013  c_w.l(libinit2.o)
    0x0800c5aa   0x00000000   Code   RO         1624    .ARM.Collect$$libinit$$00000015  c_w.l(libinit2.o)
    0x0800c5aa   0x00000000   Code   RO         1626    .ARM.Collect$$libinit$$00000017  c_w.l(libinit2.o)
    0x0800c5aa   0x00000000   Code   RO         1628    .ARM.Collect$$libinit$$00000019  c_w.l(libinit2.o)
    0x0800c5aa   0x00000000   Code   RO         1630    .ARM.Collect$$libinit$$0000001B  c_w.l(libinit2.o)
    0x0800c5aa   0x00000000   Code   RO         1632    .ARM.Collect$$libinit$$0000001D  c_w.l(libinit2.o)
    0x0800c5aa   0x00000000   Code   RO         1634    .ARM.Collect$$libinit$$0000001F  c_w.l(libinit2.o)
    0x0800c5aa   0x00000000   Code   RO         1636    .ARM.Collect$$libinit$$00000021  c_w.l(libinit2.o)
    0x0800c5aa   0x00000000   Code   RO         1638    .ARM.Collect$$libinit$$00000023  c_w.l(libinit2.o)
    0x0800c5aa   0x00000000   Code   RO         1640    .ARM.Collect$$libinit$$00000025  c_w.l(libinit2.o)
    0x0800c5aa   0x00000000   Code   RO         1644    .ARM.Collect$$libinit$$0000002C  c_w.l(libinit2.o)
    0x0800c5aa   0x00000000   Code   RO         1646    .ARM.Collect$$libinit$$0000002E  c_w.l(libinit2.o)
    0x0800c5aa   0x00000000   Code   RO         1648    .ARM.Collect$$libinit$$00000030  c_w.l(libinit2.o)
    0x0800c5aa   0x00000000   Code   RO         1650    .ARM.Collect$$libinit$$00000032  c_w.l(libinit2.o)
    0x0800c5aa   0x00000002   Code   RO         1651    .ARM.Collect$$libinit$$00000033  c_w.l(libinit2.o)
    0x0800c5ac   0x00000002   Code   RO         1671    .ARM.Collect$$libshutdown$$00000000  c_w.l(libshutdown.o)
    0x0800c5ae   0x00000000   Code   RO         1684    .ARM.Collect$$libshutdown$$00000002  c_w.l(libshutdown2.o)
    0x0800c5ae   0x00000000   Code   RO         1686    .ARM.Collect$$libshutdown$$00000004  c_w.l(libshutdown2.o)
    0x0800c5ae   0x00000000   Code   RO         1689    .ARM.Collect$$libshutdown$$00000007  c_w.l(libshutdown2.o)
    0x0800c5ae   0x00000000   Code   RO         1692    .ARM.Collect$$libshutdown$$0000000A  c_w.l(libshutdown2.o)
    0x0800c5ae   0x00000000   Code   RO         1694    .ARM.Collect$$libshutdown$$0000000C  c_w.l(libshutdown2.o)
    0x0800c5ae   0x00000000   Code   RO         1697    .ARM.Collect$$libshutdown$$0000000F  c_w.l(libshutdown2.o)
    0x0800c5ae   0x00000002   Code   RO         1698    .ARM.Collect$$libshutdown$$00000010  c_w.l(libshutdown2.o)
    0x0800c5b0   0x00000000   Code   RO         1567    .ARM.Collect$$rtentry$$00000000  c_w.l(__rtentry.o)
    0x0800c5b0   0x00000000   Code   RO         1578    .ARM.Collect$$rtentry$$00000002  c_w.l(__rtentry2.o)
    0x0800c5b0   0x00000006   Code   RO         1590    .ARM.Collect$$rtentry$$00000004  c_w.l(__rtentry4.o)
    0x0800c5b6   0x00000000   Code   RO         1580    .ARM.Collect$$rtentry$$00000009  c_w.l(__rtentry2.o)
    0x0800c5b6   0x00000004   Code   RO         1581    .ARM.Collect$$rtentry$$0000000A  c_w.l(__rtentry2.o)
    0x0800c5ba   0x00000000   Code   RO         1583    .ARM.Collect$$rtentry$$0000000C  c_w.l(__rtentry2.o)
    0x0800c5ba   0x00000008   Code   RO         1584    .ARM.Collect$$rtentry$$0000000D  c_w.l(__rtentry2.o)
    0x0800c5c2   0x00000002   Code   RO         1605    .ARM.Collect$$rtexit$$00000000  c_w.l(rtexit.o)
    0x0800c5c4   0x00000000   Code   RO         1653    .ARM.Collect$$rtexit$$00000002  c_w.l(rtexit2.o)
    0x0800c5c4   0x00000004   Code   RO         1654    .ARM.Collect$$rtexit$$00000003  c_w.l(rtexit2.o)
    0x0800c5c8   0x00000006   Code   RO         1655    .ARM.Collect$$rtexit$$00000004  c_w.l(rtexit2.o)
    0x0800c5ce   0x00000002   PAD
    0x0800c5d0   0x00000022   Code   RO          854    .emb_text           sys.o
    0x0800c5f2   0x00000002   PAD
    0x0800c5f4   0x00000258   Code   RO            3    .text               system_stm32l1xx.o
    0x0800c84c   0x00000040   Code   RO           72    .text               startup_stm32l1xx_md.o
    0x0800c88c   0x00000100   Code   RO           76    .text               bestfulib.o
    0x0800c98c   0x000002f4   Code   RO           88    .text               cmdprocess.o
    0x0800cc80   0x00000728   Code   RO          133    .text               command.o
    0x0800d3a8   0x00000070   Code   RO          156    .text               crc.o
    0x0800d418   0x00000034   Code   RO          171    .text               delay.o
    0x0800d44c   0x00000166   Code   RO          194    .text               eeprom.o
    0x0800d5b2   0x00000002   PAD
    0x0800d5b4   0x00000050   Code   RO          228    .text               faultmanage.o
    0x0800d604   0x00000296   Code   RO          246    .text               fifo.o
    0x0800d89a   0x00000002   PAD
    0x0800d89c   0x00000220   Code   RO          258    .text               flashattr.o
    0x0800dabc   0x00000098   Code   RO          272    .text               linkscanfifo.o
    0x0800db54   0x00000310   Code   RO          307    .text               linksimplest.o
    0x0800de64   0x00000240   Code   RO          334    .text               linksrc.o
    0x0800e0a4   0x000002f4   Code   RO          346    .text               linkwrdc.o
    0x0800e398   0x00000174   Code   RO          362    .text               msgpackage.o
    0x0800e50c   0x0000044e   Code   RO          379    .text               object.o
    0x0800e95a   0x00000378   Code   RO          405    .text               scene&group.o
    0x0800ecd2   0x00000002   PAD
    0x0800ecd4   0x000000c4   Code   RO          424    .text               sign433.o
    0x0800ed98   0x00000144   Code   RO          464    .text               sign433attr.o
    0x0800eedc   0x00000738   Code   RO          483    .text               sysexeattr.o
    0x0800f614   0x00000064   Code   RO          510    .text               systestattr.o
    0x0800f678   0x00000364   Code   RO          536    .text               thread.o
    0x0800f9dc   0x00000214   Code   RO          550    .text               unitshare_attr.o
    0x0800fbf0   0x00000338   Code   RO          562    .text               updata.o
    0x0800ff28   0x000000a4   Code   RO          581    .text               upload.o
    0x0800ffcc   0x000007bc   Code   RO          595    .text               userdata.o
    0x08010788   0x00000208   Code   RO          645    .text               userdatadownload.o
    0x08010990   0x00000002   Code   RO          665    .text               devicereset.o
    0x08010992   0x00000002   PAD
    0x08010994   0x00000140   Code   RO          688    .text               flash.o
    0x08010ad4   0x00000134   Code   RO          711    .text               gpio.o
    0x08010c08   0x000003b0   Code   RO          731    .text               i2c.o
    0x08010fb8   0x00000058   Code   RO          751    .text               instruct.o
    0x08011010   0x0000008c   Code   RO          771    .text               program.o
    0x0801109c   0x00000774   Code   RO          794    .text               si4432.o
    0x08011810   0x00000134   Code   RO          828    .text               spi.o
    0x08011944   0x000002f4   Code   RO          855    .text               sys.o
    0x08011c38   0x00000030   Code   RO          878    .text               syshard.o
    0x08011c68   0x00000104   Code   RO          901    .text               systick.o
    0x08011d6c   0x00000058   Code   RO          931    .text               test.o
    0x08011dc4   0x00000124   Code   RO          957    .text               usart.o
    0x08011ee8   0x00000054   Code   RO          980    .text               wdg.o
    0x08011f3c   0x000001dc   Code   RO         1000    .text               adc.o
    0x08012118   0x000002d4   Code   RO         1023    .text               battery.o
    0x080123ec   0x000000e0   Code   RO         1054    .text               batteryexeattr.o
    0x080124cc   0x00000168   Code   RO         1103    .text               lowpower.o
    0x08012634   0x00000010   Code   RO         1146    .text               flashsizeflag.o
    0x08012644   0x00000068   Code   RO         1163    .text               main.o
    0x080126ac   0x0000003c   Code   RO         1191    .text               unitcfg.o
    0x080126e8   0x000003a0   Code   RO         1220    .text               iic.o
    0x08012a88   0x00000038   Code   RO         1277    .text               wtc6216.o
    0x08012ac0   0x0000050c   Code   RO         1300    .text               oled.o
    0x08012fcc   0x00000134   Code   RO         1326    .text               74hc595.o
    0x08013100   0x000000fa   Code   RO         1357    .text               queue.o
    0x080131fa   0x00000002   PAD
    0x080131fc   0x0000002c   Code   RO         1371    .text               iwdg.o
    0x08013228   0x000005dc   Code   RO         1391    .text               airconditionpad.o
    0x08013804   0x00000528   Code   RO         1425    .text               key.o
    0x08013d2c   0x00000248   Code   RO         1470    .text               showled.o
    0x08013f74   0x0000037c   Code   RO         1494    .text               keyexeattr.o
    0x080142f0   0x0000004e   Code   RO         1521    .text               c_w.l(rt_memclr_w.o)
    0x0801433e   0x00000006   Code   RO         1523    .text               c_w.l(heapauxi.o)
    0x08014344   0x0000004a   Code   RO         1592    .text               c_w.l(sys_stackheap_outer.o)
    0x0801438e   0x00000012   Code   RO         1594    .text               c_w.l(exit.o)
    0x080143a0   0x00000008   Code   RO         1602    .text               c_w.l(libspace.o)
    0x080143a8   0x0000000c   Code   RO         1663    .text               c_w.l(sys_exit.o)
    0x080143b4   0x00000002   Code   RO         1674    .text               c_w.l(use_no_semi.o)
    0x080143b6   0x00000000   Code   RO         1676    .text               c_w.l(indicate_semi.o)
    0x080143b6   0x00000002   PAD
    0x080143b8   0x00000150   Code   RO         1527    x$fpl$dadd          fz_ws.l(daddsub_clz.o)
    0x08014508   0x0000005a   Code   RO         1533    x$fpl$dfixu         fz_ws.l(dfixu.o)
    0x08014562   0x00000026   Code   RO         1537    x$fpl$dfltu         fz_ws.l(dflt_clz.o)
    0x08014588   0x00000154   Code   RO         1543    x$fpl$dmul          fz_ws.l(dmul.o)
    0x080146dc   0x0000009c   Code   RO         1568    x$fpl$dnaninf       fz_ws.l(dnaninf.o)
    0x08014778   0x0000000c   Code   RO         1570    x$fpl$dretinf       fz_ws.l(dretinf.o)
    0x08014784   0x000001d4   Code   RO         1529    x$fpl$dsub          fz_ws.l(daddsub_clz.o)
    0x08014958   0x00000000   Code   RO         1576    x$fpl$usenofp       fz_ws.l(usenofp.o)
    0x08014958   0x0000000c   Data   RO          135    .constdata          command.o
    0x08014964   0x00000200   Data   RO          157    .constdata          crc.o
    0x08014b64   0x000001f0   Data   RO          484    .constdata          sysexeattr.o
    0x08014d54   0x0000001e   Data   RO          796    .constdata          si4432.o
    0x08014d72   0x00000016   Data   RO         1024    .constdata          battery.o
    0x08014d88   0x00000017   Data   RO         1147    .constdata          flashsizeflag.o
    0x08014d9f   0x00000001   PAD
    0x08014da0   0x00000020   Data   RO         1193    .constdata          unitcfg.o
    0x08014dc0   0x00000367   Data   RO         1301    .constdata          oled.o
    0x08015127   0x00000001   PAD
    0x08015128   0x00000252   Data   RO         1344    .constdata          touchpadpic.o
    0x0801537a   0x00000015   Data   RO         1427    .constdata          key.o
    0x0801538f   0x00000001   PAD
    0x08015390   0x000000d0   Data   RO         1495    .constdata          keyexeattr.o
    0x08015460   0x00000020   Data   RO         1729    Region$$Table       anon$$obj.o


    Execution Region RW_IRAM1 (Base: 0x20000000, Size: 0x000025e8, Max: 0x00004000, ABSOLUTE, COMPRESSED[0x000000fc])

    Base Addr    Size         Type   Attr      Idx    E Section Name        Object

    0x20000000   0x0000001d   Data   RW            4    .data               system_stm32l1xx.o
    0x2000001d   0x00000003   PAD
    0x20000020   0x00000064   Data   RW          136    .data               command.o
    0x20000084   0x00000002   Data   RW          259    .data               flashattr.o
    0x20000086   0x00000002   PAD
    0x20000088   0x00000005   Data   RW          381    .data               object.o
    0x2000008d   0x00000002   Data   RW          426    .data               sign433.o
    0x2000008f   0x00000002   Data   RW          564    .data               updata.o
    0x20000091   0x00000001   Data   RW          582    .data               upload.o
    0x20000092   0x00000001   Data   RW          597    .data               userdata.o
    0x20000093   0x00000001   PAD
    0x20000094   0x0000000a   Data   RW          797    .data               si4432.o
    0x2000009e   0x00000002   PAD
    0x200000a0   0x00000006   Data   RW          902    .data               systick.o
    0x200000a6   0x00000002   PAD
    0x200000a8   0x00000004   Data   RW          932    .data               test.o
    0x200000ac   0x00000002   Data   RW         1025    .data               battery.o
    0x200000ae   0x00000003   Data   RW         1105    .data               lowpower.o
    0x200000b1   0x00000002   Data   RW         1164    .data               main.o
    0x200000b3   0x00000001   PAD
    0x200000b4   0x000000b8   Data   RW         1345    .data               touchpadpic.o
    0x2000016c   0x00000008   Data   RW         1393    .data               airconditionpad.o
    0x20000174   0x00000018   Data   RW         1428    .data               key.o
    0x2000018c   0x00000019   Data   RW         1472    .data               showled.o
    0x200001a5   0x00000003   PAD
    0x200001a8   0x00000620   Zero   RW           89    .bss                cmdprocess.o
    0x200007c8   0x000007b4   Zero   RW          134    .bss                command.o
    0x20000f7c   0x00000090   Zero   RW          273    .bss                linkscanfifo.o
    0x2000100c   0x00000673   Zero   RW          308    .bss                linksimplest.o
    0x2000167f   0x00000001   PAD
    0x20001680   0x00000140   Zero   RW          380    .bss                object.o
    0x200017c0   0x00000070   Zero   RW          425    .bss                sign433.o
    0x20001830   0x000000f4   Zero   RW          537    .bss                thread.o
    0x20001924   0x00000110   Zero   RW          563    .bss                updata.o
    0x20001a34   0x0000001e   Zero   RW          596    .bss                userdata.o
    0x20001a52   0x00000002   PAD
    0x20001a54   0x0000008c   Zero   RW          646    .bss                userdatadownload.o
    0x20001ae0   0x00000064   Zero   RW          795    .bss                si4432.o
    0x20001b44   0x00000010   Zero   RW         1192    .bss                unitcfg.o
    0x20001b54   0x00000009   Zero   RW         1392    .bss                airconditionpad.o
    0x20001b5d   0x0000002a   Zero   RW         1426    .bss                key.o
    0x20001b87   0x00000001   PAD
    0x20001b88   0x00000060   Zero   RW         1603    .bss                c_w.l(libspace.o)
    0x20001be8   0x00000200   Zero   RW           70    HEAP                startup_stm32l1xx_md.o
    0x20001de8   0x00000800   Zero   RW           69    STACK               startup_stm32l1xx_md.o


==============================================================================

Image component sizes


      Code (inc. data)   RO Data    RW Data    ZI Data      Debug   Object Name

       308          0          0          0          0       1070   74hc595.o
       476         16          0          0          0       2213   adc.o
      1500         72          0          8          9       4317   airconditionpad.o
       724         14         22          2          0       4100   battery.o
       224         20          0          0          0       6963   batteryexeattr.o
       256          0          0          0          0       2618   bestfulib.o
       756         54          0          0       1568       7561   cmdprocess.o
      1832         66         12        100       1972       6655   command.o
       112          4        512          0          0       2011   crc.o
        52          0          0          0          0        812   delay.o
         2          0          0          0          0        596   devicereset.o
       358          0          0          0          0       4819   eeprom.o
        80          4          0          0          0       1315   faultmanage.o
       662          0          0          0          0       4402   fifo.o
       320         22          0          0          0       2785   flash.o
       544         36          0          2          0       3323   flashattr.o
        16          6         23          0          0       1540   flashsizeflag.o
       308         10          0          0          0       2358   gpio.o
       944          0          0          0          0       4013   i2c.o
       928          6          0          0          0       3636   iic.o
        88          6          0          0          0        946   instruct.o
        44          6          0          0          0        782   iwdg.o
      1320        154         21         24         42       5999   key.o
       892         74        208          0          0       5426   keyexeattr.o
       152         12          0          0        144       2689   linkscanfifo.o
       784         10          0          0       1651       6298   linksimplest.o
       576         34          0          0          0       2305   linksrc.o
       756          4          0          0          0       6201   linkwrdc.o
       360         48          0          3          0      26713   lowpower.o
       104         18          0          2          0       1852   main.o
       372          8          0          0          0       3046   msgpackage.o
      1102         26          0          5        320       4937   object.o
      1292         16        871          0          0       6727   oled.o
       140          4          0          0          0       2090   program.o
       250          0          0          0          0       1536   queue.o
       888          0          0          0          0       3150   scene&group.o
       584         32          0         25          0       3327   showled.o
      1908         74         30         10        100       5747   si4432.o
       196          8          0          2        112       7483   sign433.o
       324         12          0          0          0       3321   sign433attr.o
       308         10          0          0          0       1264   spi.o
        64         26        244          0       2560        928   startup_stm32l1xx_md.o
       790         50          0          0          0       3307   sys.o
      1848         18        496          0          0      10395   sysexeattr.o
        48          6          0          0          0        868   syshard.o
       600         50          0         29          0     197382   system_stm32l1xx.o
       100         16          0          0          0       1490   systestattr.o
       260         20          0          6          0       2959   systick.o
        88         10          0          4          0        995   test.o
       868          8          0          0        244       3568   thread.o
         0          0        594        184          0       1702   touchpadpic.o
        60          8         32          0         16       3396   unitcfg.o
       532         10          0          0          0       2620   unitshare_attr.o
       824         40          0          2        272       4499   updata.o
       164         14          0          1          0       1414   upload.o
       292         18          0          0          0       2027   usart.o
      1980         30          0          1         30      13853   userdata.o
       520         44          0          0        140       2833   userdatadownload.o
        84          6          0          0          0       1665   wdg.o
        56          8          0          0          0        827   wtc6216.o

    ----------------------------------------------------------------------
     32032       1268       3100        424       9184     425674   Object Totals
         0          0         32          0          0          0   (incl. Generated)
        12          0          3         14          4          0   (incl. Padding)

    ----------------------------------------------------------------------

      Code (inc. data)   RO Data    RW Data    ZI Data      Debug   Library Member Name

        90          0          0          0          0          0   __dczerorl2.o
         8          0          0          0          0         68   __main.o
         0          0          0          0          0          0   __rtentry.o
        12          0          0          0          0          0   __rtentry2.o
         6          0          0          0          0          0   __rtentry4.o
        52          8          0          0          0          0   __scatter.o
        28          0          0          0          0          0   __scatter_zi.o
        18          0          0          0          0         80   exit.o
         6          0          0          0          0        152   heapauxi.o
         0          0          0          0          0          0   indicate_semi.o
         2          0          0          0          0          0   libinit.o
         2          0          0          0          0          0   libinit2.o
         2          0          0          0          0          0   libshutdown.o
         2          0          0          0          0          0   libshutdown2.o
         8          4          0          0         96         68   libspace.o
        78          0          0          0          0         80   rt_memclr_w.o
         2          0          0          0          0          0   rtexit.o
        10          0          0          0          0          0   rtexit2.o
        12          4          0          0          0         68   sys_exit.o
        74          0          0          0          0         80   sys_stackheap_outer.o
         2          0          0          0          0         68   use_no_semi.o
       804         16          0          0          0        272   daddsub_clz.o
        90          4          0          0          0         92   dfixu.o
        38          0          0          0          0         68   dflt_clz.o
       340         12          0          0          0        104   dmul.o
       156          4          0          0          0         92   dnaninf.o
        12          0          0          0          0         68   dretinf.o
         0          0          0          0          0          0   usenofp.o

    ----------------------------------------------------------------------
      1860         52          0          0         96       1360   Library Totals
         6          0          0          0          0          0   (incl. Padding)

    ----------------------------------------------------------------------

      Code (inc. data)   RO Data    RW Data    ZI Data      Debug   Library Name

       414         16          0          0         96        664   c_w.l
      1440         36          0          0          0        696   fz_ws.l

    ----------------------------------------------------------------------
      1860         52          0          0         96       1360   Library Totals

    ----------------------------------------------------------------------

==============================================================================


      Code (inc. data)   RO Data    RW Data    ZI Data      Debug   

     33892       1320       3100        424       9280     422402   Grand Totals
     33892       1320       3100        252       9280     422402   ELF Image Totals (compressed)
     33892       1320       3100        252          0          0   ROM Totals

==============================================================================

    Total RO  Size (Code + RO Data)                36992 (  36.13kB)
    Total RW  Size (RW Data + ZI Data)              9704 (   9.48kB)
    Total ROM Size (Code + RO Data + RW Data)      37244 (  36.37kB)

==============================================================================

